Component: Arm Compiler for Embedded 6.21 Tool: armlink [5ec1fa00]

==============================================================================

Section Cross References

    empty.o(.text.main) refers to ti_msp_dl_config.o(.text.SYSCFG_DL_init) for SYSCFG_DL_init
    empty.o(.text.main) refers to dl_common.o(.text.DL_Common_delayCycles) for DL_Common_delayCycles
    empty.o(.text.main) refers to task.o(.text.TaskManager_Init) for TaskManager_Init
    empty.o(.text.main) refers to sensor_rebuild_02.o(.text.car_init) for car_init
    empty.o(.text.main) refers to task.o(.text.TaskManager_Update) for TaskManager_Update
    empty.o(.ARM.exidx.text.main) refers to empty.o(.text.main) for [Anonymous Symbol]
    empty.o(.ARM.exidx.text.uart0_send_char) refers to empty.o(.text.uart0_send_char) for [Anonymous Symbol]
    empty.o(.ARM.exidx.text.uart0_send_string) refers to empty.o(.text.uart0_send_string) for [Anonymous Symbol]
    empty.o(.text.TIMA0_IRQHandler) refers to key.o(.text.read_key) for read_key
    empty.o(.text.TIMA0_IRQHandler) refers to empty.o(.bss.g_isr_tick) for g_isr_tick
    empty.o(.text.TIMA0_IRQHandler) refers to empty.o(.bss.g_raw_key) for g_raw_key
    empty.o(.text.TIMA0_IRQHandler) refers to empty.o(.bss.g_flag_need_update) for g_flag_need_update
    empty.o(.ARM.exidx.text.TIMA0_IRQHandler) refers to empty.o(.text.TIMA0_IRQHandler) for [Anonymous Symbol]
    empty.o(.text.UART0_IRQHandler) refers to empty.o(.bss.uart_data) for uart_data
    empty.o(.ARM.exidx.text.UART0_IRQHandler) refers to empty.o(.text.UART0_IRQHandler) for [Anonymous Symbol]
    empty.o(.ARM.exidx.text.fputc) refers to empty.o(.text.fputc) for [Anonymous Symbol]
    startup_mspm0g350x_uvision.o(STACK) refers (Special) to heapauxi.o(.text) for __use_two_region_memory
    startup_mspm0g350x_uvision.o(HEAP) refers (Special) to heapauxi.o(.text) for __use_two_region_memory
    startup_mspm0g350x_uvision.o(RESET) refers (Special) to heapauxi.o(.text) for __use_two_region_memory
    startup_mspm0g350x_uvision.o(RESET) refers to startup_mspm0g350x_uvision.o(STACK) for __initial_sp
    startup_mspm0g350x_uvision.o(RESET) refers to startup_mspm0g350x_uvision.o(.text) for Reset_Handler
    startup_mspm0g350x_uvision.o(RESET) refers to empty.o(.text.UART0_IRQHandler) for UART0_IRQHandler
    startup_mspm0g350x_uvision.o(RESET) refers to empty.o(.text.TIMA0_IRQHandler) for TIMA0_IRQHandler
    startup_mspm0g350x_uvision.o(.text) refers (Special) to heapauxi.o(.text) for __use_two_region_memory
    startup_mspm0g350x_uvision.o(.text) refers to __main.o(!!!main) for __main
    startup_mspm0g350x_uvision.o(.text) refers to startup_mspm0g350x_uvision.o(HEAP) for Heap_Mem
    startup_mspm0g350x_uvision.o(.text) refers to startup_mspm0g350x_uvision.o(STACK) for Stack_Mem
    ti_msp_dl_config.o(.text.SYSCFG_DL_init) refers to ti_msp_dl_config.o(.text.SYSCFG_DL_initPower) for SYSCFG_DL_initPower
    ti_msp_dl_config.o(.text.SYSCFG_DL_init) refers to ti_msp_dl_config.o(.text.SYSCFG_DL_GPIO_init) for SYSCFG_DL_GPIO_init
    ti_msp_dl_config.o(.text.SYSCFG_DL_init) refers to ti_msp_dl_config.o(.text.SYSCFG_DL_SYSCTL_init) for SYSCFG_DL_SYSCTL_init
    ti_msp_dl_config.o(.text.SYSCFG_DL_init) refers to ti_msp_dl_config.o(.text.SYSCFG_DL_Motor_A_init) for SYSCFG_DL_Motor_A_init
    ti_msp_dl_config.o(.text.SYSCFG_DL_init) refers to ti_msp_dl_config.o(.text.SYSCFG_DL_Motor_B_init) for SYSCFG_DL_Motor_B_init
    ti_msp_dl_config.o(.text.SYSCFG_DL_init) refers to ti_msp_dl_config.o(.text.SYSCFG_DL_TIMER_0_init) for SYSCFG_DL_TIMER_0_init
    ti_msp_dl_config.o(.text.SYSCFG_DL_init) refers to ti_msp_dl_config.o(.text.SYSCFG_DL_UART_0_init) for SYSCFG_DL_UART_0_init
    ti_msp_dl_config.o(.text.SYSCFG_DL_init) refers to ti_msp_dl_config.o(.text.SYSCFG_DL_SPI_init) for SYSCFG_DL_SPI_init
    ti_msp_dl_config.o(.text.SYSCFG_DL_init) refers to ti_msp_dl_config.o(.bss.gMotor_BBackup) for gMotor_BBackup
    ti_msp_dl_config.o(.text.SYSCFG_DL_init) refers to ti_msp_dl_config.o(.bss.gMotor_ABackup) for gMotor_ABackup
    ti_msp_dl_config.o(.text.SYSCFG_DL_init) refers to ti_msp_dl_config.o(.bss.gTIMER_0Backup) for gTIMER_0Backup
    ti_msp_dl_config.o(.text.SYSCFG_DL_init) refers to ti_msp_dl_config.o(.bss.gSPIBackup) for gSPIBackup
    ti_msp_dl_config.o(.ARM.exidx.text.SYSCFG_DL_init) refers to ti_msp_dl_config.o(.text.SYSCFG_DL_init) for [Anonymous Symbol]
    ti_msp_dl_config.o(.text.SYSCFG_DL_initPower) refers to dl_common.o(.text.DL_Common_delayCycles) for DL_Common_delayCycles
    ti_msp_dl_config.o(.ARM.exidx.text.SYSCFG_DL_initPower) refers to ti_msp_dl_config.o(.text.SYSCFG_DL_initPower) for [Anonymous Symbol]
    ti_msp_dl_config.o(.ARM.exidx.text.SYSCFG_DL_GPIO_init) refers to ti_msp_dl_config.o(.text.SYSCFG_DL_GPIO_init) for [Anonymous Symbol]
    ti_msp_dl_config.o(.ARM.exidx.text.SYSCFG_DL_SYSCTL_init) refers to ti_msp_dl_config.o(.text.SYSCFG_DL_SYSCTL_init) for [Anonymous Symbol]
[...]
    Removing dl_timer.o(.text.DL_Timer_setSecondCompSrcDn), (28 bytes).
    Removing dl_timer.o(.ARM.exidx.text.DL_Timer_setSecondCompSrcDn), (8 bytes).
    Removing dl_timer.o(.text.DL_Timer_getSecondCompSrcDn), (20 bytes).
    Removing dl_timer.o(.ARM.exidx.text.DL_Timer_getSecondCompSrcDn), (8 bytes).
    Removing dl_timer.o(.text.DL_Timer_setSecondCompSrcUp), (28 bytes).
    Removing dl_timer.o(.ARM.exidx.text.DL_Timer_setSecondCompSrcUp), (8 bytes).
    Removing dl_timer.o(.text.DL_Timer_getSecondCompSrcUp), (20 bytes).
    Removing dl_timer.o(.ARM.exidx.text.DL_Timer_getSecondCompSrcUp), (8 bytes).
    Removing dl_timer.o(.text.DL_Timer_setSecondCompActionDn), (28 bytes).
    Removing dl_timer.o(.ARM.exidx.text.DL_Timer_setSecondCompActionDn), (8 bytes).
    Removing dl_timer.o(.text.DL_Timer_getSecondCompActionDn), (20 bytes).
    Removing dl_timer.o(.ARM.exidx.text.DL_Timer_getSecondCompActionDn), (8 bytes).
    Removing dl_timer.o(.text.DL_Timer_setSecondCompActionUp), (28 bytes).
    Removing dl_timer.o(.ARM.exidx.text.DL_Timer_setSecondCompActionUp), (8 bytes).
    Removing dl_timer.o(.text.DL_Timer_getSecondCompActionUp), (20 bytes).
    Removing dl_timer.o(.ARM.exidx.text.DL_Timer_getSecondCompActionUp), (8 bytes).
    Removing dl_timer.o(.text.DL_Timer_enableSuppressionOfCompEvent), (24 bytes).
    Removing dl_timer.o(.ARM.exidx.text.DL_Timer_enableSuppressionOfCompEvent), (8 bytes).
    Removing dl_timer.o(.text.DL_Timer_disableSuppressionOfCompEvent), (24 bytes).
    Removing dl_timer.o(.ARM.exidx.text.DL_Timer_disableSuppressionOfCompEvent), (8 bytes).
    Removing dl_timer.o(.ARM.exidx.text.DL_Timer_setCaptCompUpdateMethod), (8 bytes).
    Removing dl_timer.o(.text.DL_Timer_getCaptCompUpdateMethod), (20 bytes).
    Removing dl_timer.o(.ARM.exidx.text.DL_Timer_getCaptCompUpdateMethod), (8 bytes).
    Removing dl_timer.o(.ARM.exidx.text.DL_Timer_setCaptureCompareOutCtl), (8 bytes).
    Removing dl_timer.o(.text.DL_Timer_getCaptureCompareOutCtl), (16 bytes).
    Removing dl_timer.o(.ARM.exidx.text.DL_Timer_getCaptureCompareOutCtl), (8 bytes).
    Removing dl_timer.o(.text.DL_Timer_setCaptureCompareAction), (36 bytes).
    Removing dl_timer.o(.ARM.exidx.text.DL_Timer_setCaptureCompareAction), (8 bytes).
    Removing dl_timer.o(.text.DL_Timer_getCaptureCompareAction), (24 bytes).
    Removing dl_timer.o(.ARM.exidx.text.DL_Timer_getCaptureCompareAction), (8 bytes).
    Removing dl_timer.o(.text.DL_Timer_overrideCCPOut), (32 bytes).
    Removing dl_timer.o(.ARM.exidx.text.DL_Timer_overrideCCPOut), (8 bytes).
    Removing dl_timer.o(.text.DL_Timer_getCaptureCompareInput), (16 bytes).
    Removing dl_timer.o(.ARM.exidx.text.DL_Timer_getCaptureCompareInput), (8 bytes).
    Removing dl_timer.o(.text.DL_Timer_setCaptureCompareInputFilter), (28 bytes).
    Removing dl_timer.o(.ARM.exidx.text.DL_Timer_setCaptureCompareInputFilter), (8 bytes).
    Removing dl_timer.o(.text.DL_Timer_getCaptureCompareInputFilter), (18 bytes).
    Removing dl_timer.o(.ARM.exidx.text.DL_Timer_getCaptureCompareInputFilter), (8 bytes).
    Removing dl_timer.o(.text.DL_Timer_enableCaptureCompareInputFilter), (20 bytes).
    Removing dl_timer.o(.ARM.exidx.text.DL_Timer_enableCaptureCompareInputFilter), (8 bytes).
    Removing dl_timer.o(.text.DL_Timer_disableCaptureCompareInputFilter), (20 bytes).
    Removing dl_timer.o(.ARM.exidx.text.DL_Timer_disableCaptureCompareInputFilter), (8 bytes).
    Removing dl_timer.o(.text.DL_Timer_isCaptureCompareInputFilterEnabled), (20 bytes).
    Removing dl_timer.o(.ARM.exidx.text.DL_Timer_isCaptureCompareInputFilterEnabled), (8 bytes).
    Removing dl_timer.o(.text.DL_Timer_saveConfiguration), (236 bytes).
    Removing dl_timer.o(.ARM.exidx.text.DL_Timer_saveConfiguration), (8 bytes).
    Removing dl_timer.o(.text.DL_Timer_restoreConfiguration), (244 bytes).
    Removing dl_timer.o(.ARM.exidx.text.DL_Timer_restoreConfiguration), (8 bytes).
    Removing dl_timer.o(.ARM.exidx.text.DL_Timer_initFourCCPWMMode), (8 bytes).
    Removing dl_timer.o(.text.DL_Timer_setFaultSourceConfig), (44 bytes).
    Removing dl_timer.o(.ARM.exidx.text.DL_Timer_setFaultSourceConfig), (8 bytes).
    Removing dl_timer.o(.text.DL_Timer_getFaultSourceConfig), (32 bytes).
    Removing dl_timer.o(.ARM.exidx.text.DL_Timer_getFaultSourceConfig), (8 bytes).
    Removing dl_timer.o(.text.DL_TimerA_saveConfiguration), (264 bytes).
    Removing dl_timer.o(.ARM.exidx.text.DL_TimerA_saveConfiguration), (8 bytes).
    Removing dl_timer.o(.text.DL_TimerA_restoreConfiguration), (276 bytes).
    Removing dl_timer.o(.ARM.exidx.text.DL_TimerA_restoreConfiguration), (8 bytes).
    Removing dl_timer.o(.text.DL_Timer_configQEIHallInputMode), (36 bytes).
    Removing dl_timer.o(.ARM.exidx.text.DL_Timer_configQEIHallInputMode), (8 bytes).
    Removing dl_timer.o(.rodata..Lswitch.table.DL_Timer_initCompareMode), (12 bytes).
    Removing dl_uart.o(.text), (0 bytes).
    Removing dl_uart.o(.ARM.exidx.text.DL_UART_init), (8 bytes).
    Removing dl_uart.o(.ARM.exidx.text.DL_UART_setClockConfig), (8 bytes).
    Removing dl_uart.o(.text.DL_UART_getClockConfig), (16 bytes).
    Removing dl_uart.o(.ARM.exidx.text.DL_UART_getClockConfig), (8 bytes).
    Removing dl_uart.o(.text.DL_UART_configBaudRate), (140 bytes).
    Removing dl_uart.o(.ARM.exidx.text.DL_UART_configBaudRate), (8 bytes).
    Removing dl_uart.o(.text.DL_UART_configIrDAMode), (60 bytes).
    Removing dl_uart.o(.ARM.exidx.text.DL_UART_configIrDAMode), (8 bytes).
    Removing dl_uart.o(.text.DL_UART_setIrDAPulseLength), (42 bytes).
    Removing dl_uart.o(.ARM.exidx.text.DL_UART_setIrDAPulseLength), (8 bytes).
    Removing dl_uart.o(.text.DL_UART_receiveDataBlocking), (20 bytes).
    Removing dl_uart.o(.ARM.exidx.text.DL_UART_receiveDataBlocking), (8 bytes).
    Removing dl_uart.o(.text.DL_UART_transmitDataBlocking), (20 bytes).
    Removing dl_uart.o(.ARM.exidx.text.DL_UART_transmitDataBlocking), (8 bytes).
    Removing dl_uart.o(.text.DL_UART_receiveDataCheck), (28 bytes).
    Removing dl_uart.o(.ARM.exidx.text.DL_UART_receiveDataCheck), (8 bytes).
    Removing dl_uart.o(.text.DL_UART_transmitDataCheck), (24 bytes).
    Removing dl_uart.o(.ARM.exidx.text.DL_UART_transmitDataCheck), (8 bytes).
    Removing dl_uart.o(.text.DL_UART_drainRXFIFO), (40 bytes).
    Removing dl_uart.o(.ARM.exidx.text.DL_UART_drainRXFIFO), (8 bytes).
    Removing dl_uart.o(.text.DL_UART_fillTXFIFO), (40 bytes).
    Removing dl_uart.o(.ARM.exidx.text.DL_UART_fillTXFIFO), (8 bytes).
    Removing dl_uart.o(.text.DL_UART_Main_saveConfiguration), (88 bytes).
    Removing dl_uart.o(.ARM.exidx.text.DL_UART_Main_saveConfiguration), (8 bytes).
    Removing dl_uart.o(.text.DL_UART_Main_restoreConfiguration), (120 bytes).
    Removing dl_uart.o(.ARM.exidx.text.DL_UART_Main_restoreConfiguration), (8 bytes).
    Removing dl_uart.o(.text.DL_UART_Extend_saveConfiguration), (104 bytes).
    Removing dl_uart.o(.ARM.exidx.text.DL_UART_Extend_saveConfiguration), (8 bytes).
    Removing dl_uart.o(.text.DL_UART_Extend_restoreConfiguration), (132 bytes).
    Removing dl_uart.o(.ARM.exidx.text.DL_UART_Extend_restoreConfiguration), (8 bytes).

258 unused section(s) (total 9626 bytes) removed from the image.

==============================================================================

Image Symbol Table

    Local Symbols

    Symbol Name                              Value     Ov Type        Size  Object(Section)

    ../clib/angel/boardlib.s                 0x00000000   Number         0  boardinit1.o ABSOLUTE
    ../clib/angel/boardlib.s                 0x00000000   Number         0  boardinit2.o ABSOLUTE
    ../clib/angel/boardlib.s                 0x00000000   Number         0  boardinit3.o ABSOLUTE
    ../clib/angel/boardlib.s                 0x00000000   Number         0  boardshut.o ABSOLUTE
    ../clib/angel/handlers.s                 0x00000000   Number         0  __scatter_zi.o ABSOLUTE
    ../clib/angel/kernel.s                   0x00000000   Number         0  __rtentry.o ABSOLUTE
    ../clib/angel/kernel.s                   0x00000000   Number         0  __rtentry2.o ABSOLUTE
    ../clib/angel/kernel.s                   0x00000000   Number         0  __rtentry4.o ABSOLUTE
    ../clib/angel/kernel.s                   0x00000000   Number         0  rtexit.o ABSOLUTE
    ../clib/angel/kernel.s                   0x00000000   Number         0  rtexit2.o ABSOLUTE
    ../clib/angel/rt.s                       0x00000000   Number         0  aeabi_idiv0.o ABSOLUTE
    ../clib/angel/rt.s                       0x00000000   Number         0  aeabi_idiv0_sigfpe.o ABSOLUTE
    ../clib/angel/rt.s                       0x00000000   Number         0  rt_div0.o ABSOLUTE
    ../clib/angel/rt.s                       0x00000000   Number         0  rt_raise.o ABSOLUTE
    ../clib/angel/rt.s                       0x00000000   Number         0  rt_heap_descriptor.o ABSOLUTE
    ../clib/angel/rt.s                       0x00000000   Number         0  rt_heap_descriptor_intlibspace.o ABSOLUTE
    ../clib/angel/rt.s                       0x00000000   Number         0  rt_errno_addr.o ABSOLUTE
    ../clib/angel/rt.s                       0x00000000   Number         0  rt_errno_addr_intlibspace.o ABSOLUTE
    ../clib/angel/scatterp.s                 0x00000000   Number         0  __scatter.o ABSOLUTE
    ../clib/angel/startup.s                  0x00000000   Number         0  __main.o ABSOLUTE
    ../clib/angel/sys.s                      0x00000000   Number         0  mutex_dummy.o ABSOLUTE
    ../clib/angel/sys.s                      0x00000000   Number         0  sys_stackheap_outer.o ABSOLUTE
    ../clib/angel/sys.s                      0x00000000   Number         0  libspace.o ABSOLUTE
    ../clib/angel/sys.s                      0x00000000   Number         0  tempstk.o ABSOLUTE
    ../clib/angel/sys.s                      0x00000000   Number         0  use_no_semi.o ABSOLUTE
    ../clib/angel/sys.s                      0x00000000   Number         0  indicate_semi.o ABSOLUTE
    ../clib/angel/sysapp.c                   0x00000000   Number         0  sys_io_names.o ABSOLUTE
    ../clib/angel/sysapp.c                   0x00000000   Number         0  sys_io.o ABSOLUTE
    ../clib/angel/sysapp.c                   0x00000000   Number         0  sys_io_hlt.o ABSOLUTE
    ../clib/angel/sysapp.c                   0x00000000   Number         0  sys_exit.o ABSOLUTE
    ../clib/angel/sysapp.c                   0x00000000   Number         0  sys_exit_hlt.o ABSOLUTE
    ../clib/angel/sysapp.c                   0x00000000   Number         0  sys_wrch.o ABSOLUTE
    ../clib/angel/sysapp.c                   0x00000000   Number         0  sys_command.o ABSOLUTE
    ../clib/angel/sysapp.c                   0x00000000   Number         0  sys_wrch_hlt.o ABSOLUTE
    ../clib/angel/sysapp.c                   0x00000000   Number         0  sys_command_hlt.o ABSOLUTE
    ../clib/armsys.c                         0x00000000   Number         0  argv_veneer.o ABSOLUTE
    ../clib/armsys.c                         0x00000000   Number         0  _get_argv.o ABSOLUTE
    ../clib/armsys.c                         0x00000000   Number         0  _get_argv_nomalloc.o ABSOLUTE
    ../clib/armsys.c                         0x00000000   Number         0  no_argv.o ABSOLUTE
    ../clib/division.s                       0x00000000   Number         0  aeabi_sdivfast.o ABSOLUTE
    ../clib/division.s                       0x00000000   Number         0  aeabi_sdivfast_div0.o ABSOLUTE
    ../clib/heap1.c                          0x00000000   Number         0  h1_free.o ABSOLUTE
    ../clib/heap1.c                          0x00000000   Number         0  h1_free_threads.o ABSOLUTE
    ../clib/heap1.c                          0x00000000   Number         0  h1_alloc.o ABSOLUTE
    ../clib/heap1.c                          0x00000000   Number         0  h1_alloc_threads.o ABSOLUTE
    ../clib/heap1.c                          0x00000000   Number         0  h1_init.o ABSOLUTE
    ../clib/heap1.c                          0x00000000   Number         0  h1_extend.o ABSOLUTE
    ../clib/heap1.c                          0x00000000   Number         0  h1_init_threads.o ABSOLUTE
    ../clib/heap1.c                          0x00000000   Number         0  h1_extend_threads.o ABSOLUTE
    ../clib/heap1.c                          0x00000000   Number         0  h1_final.o ABSOLUTE
    ../clib/heap1.c                          0x00000000   Number         0  h1_final_threads.o ABSOLUTE
    ../clib/heap2.c                          0x00000000   Number         0  heap2.o ABSOLUTE
    ../clib/heap2.c                          0x00000000   Number         0  heap2_threads.o ABSOLUTE
    ../clib/heap2.c                          0x00000000   Number         0  fdtree.o ABSOLUTE
    ../clib/heapalloc.c                      0x00000000   Number         0  free.o ABSOLUTE
    ../clib/heapalloc.c                      0x00000000   Number         0  hguard.o ABSOLUTE
    ../clib/heapalloc.c                      0x00000000   Number         0  init_alloc.o ABSOLUTE
    ../clib/heapalloc.c                      0x00000000   Number         0  malloc.o ABSOLUTE
    ../clib/heapalloc.c                      0x00000000   Number         0  heapstubs.o ABSOLUTE
    ../clib/heapalloc.c                      0x00000000   Number         0  hrguard.o ABSOLUTE
    ../clib/heapalloc.c                      0x00000000   Number         0  term_alloc.o ABSOLUTE
    ../clib/heapaux.c                        0x00000000   Number         0  heapauxi.o ABSOLUTE
    ../clib/heapaux.c                        0x00000000   Number         0  heapauxa.o ABSOLUTE
    ../clib/libinit.s                        0x00000000   Number         0  libinit.o ABSOLUTE
    ../clib/libinit.s                        0x00000000   Number         0  libinit2.o ABSOLUTE
    ../clib/libinit.s                        0x00000000   Number         0  libshutdown2.o ABSOLUTE
    ../clib/libinit.s                        0x00000000   Number         0  libshutdown.o ABSOLUTE
    ../clib/maybe.s                          0x00000000   Number         0  maybetermalloc1.o ABSOLUTE
    ../clib/maybe.s                          0x00000000   Number         0  maybetermalloc2.o ABSOLUTE
    ../clib/memcpset.c                       0x00000000   Number         0  rt_memclr.o ABSOLUTE
    ../clib/memcpset.c                       0x00000000   Number         0  rt_memcpy.o ABSOLUTE
    ../clib/memcpset.c                       0x00000000   Number         0  rt_memcpy.o ABSOLUTE
    ../clib/signal.c                         0x00000000   Number         0  defsig_fpe_outer.o ABSOLUTE
    ../clib/signal.c                         0x00000000   Number         0  defsig_fpe_formal.o ABSOLUTE
    ../clib/signal.c                         0x00000000   Number         0  defsig_rtred_outer.o ABSOLUTE
    ../clib/signal.c                         0x00000000   Number         0  defsig_rtred_formal.o ABSOLUTE
    ../clib/signal.c                         0x00000000   Number         0  defsig_exit.o ABSOLUTE
    ../clib/signal.c                         0x00000000   Number         0  defsig_fpe_inner.o ABSOLUTE
    ../clib/signal.c                         0x00000000   Number         0  defsig_rtred_inner.o ABSOLUTE
    ../clib/signal.c                         0x00000000   Number         0  __raise.o ABSOLUTE
    ../clib/signal.c                         0x00000000   Number         0  defsig_general.o ABSOLUTE
    ../clib/signal.c                         0x00000000   Number         0  defsig_rtmem_outer.o ABSOLUTE
    ../clib/signal.c                         0x00000000   Number         0  defsig_rtmem_formal.o ABSOLUTE
    ../clib/signal.c                         0x00000000   Number         0  defsig_rtmem_inner.o ABSOLUTE
    ../clib/signal.c                         0x00000000   Number         0  defsig_abrt_inner.o ABSOLUTE
    ../clib/signal.c                         0x00000000   Number         0  defsig_stak_inner.o ABSOLUTE
    ../clib/signal.c                         0x00000000   Number         0  defsig_pvfn_inner.o ABSOLUTE
    ../clib/signal.c                         0x00000000   Number         0  defsig_cppl_inner.o ABSOLUTE
    ../clib/signal.c                         0x00000000   Number         0  defsig_segv_inner.o ABSOLUTE
    ../clib/signal.c                         0x00000000   Number         0  defsig_other.o ABSOLUTE
    ../clib/signal.s                         0x00000000   Number         0  defsig.o ABSOLUTE
    ../clib/stdio.c                          0x00000000   Number         0  puts.o ABSOLUTE
    ../clib/stdio.c                          0x00000000   Number         0  stdio_streams.o ABSOLUTE
    ../clib/stdio.c                          0x00000000   Number         0  initio.o ABSOLUTE
    ../clib/stdio.c                          0x00000000   Number         0  initio_locked.o ABSOLUTE
    ../clib/stdio.c                          0x00000000   Number         0  setvbuf.o ABSOLUTE
    ../clib/stdio.c                          0x00000000   Number         0  streamlock.o ABSOLUTE
    ../clib/stdio.c                          0x00000000   Number         0  fopen.o ABSOLUTE
    ../clib/stdio.c                          0x00000000   Number         0  fclose.o ABSOLUTE
    ../clib/stdio.c                          0x00000000   Number         0  setvbuf_locked.o ABSOLUTE
    ../clib/stdio.c                          0x00000000   Number         0  fopen_locked.o ABSOLUTE
    ../clib/stdio.c                          0x00000000   Number         0  fseek.o ABSOLUTE
    ../clib/stdio.c                          0x00000000   Number         0  stdio.o ABSOLUTE
    ../clib/stdio.c                          0x00000000   Number         0  ftell.o ABSOLUTE
    ../clib/stdlib.c                         0x00000000   Number         0  exit.o ABSOLUTE
    ../clib/string.c                         0x00000000   Number         0  strlen.o ABSOLUTE
    ../fplib/cfplib/cmp.c                    0x00000000   Number         0  fcmp.o ABSOLUTE
    ../fplib/cfplib/cmpret.c                 0x00000000   Number         0  cmpret.o ABSOLUTE
    ../fplib/cfplib/d2f.c                    0x00000000   Number         0  d2f.o ABSOLUTE
    ../fplib/cfplib/daddsub.c                0x00000000   Number         0  daddsub.o ABSOLUTE
    ../fplib/cfplib/dmul.c                   0x00000000   Number         0  dmul.o ABSOLUTE
    ../fplib/cfplib/fcmpin.c                 0x00000000   Number         0  fcmpin.o ABSOLUTE
    ../fplib/cfplib/ffix.c                   0x00000000   Number         0  ffixi.o ABSOLUTE
    ../fplib/cfplib/fflt.c                   0x00000000   Number         0  dflti.o ABSOLUTE
    ../fplib/cfplib/fpinit.c                 0x00000000   Number         0  fpinit.o ABSOLUTE
    ../fplib/cfplib/nan2.c                   0x00000000   Number         0  fnan2.o ABSOLUTE
    ../fplib/cfplib/retnan.c                 0x00000000   Number         0  retnan.o ABSOLUTE
    ../fplib/faddsub6m.s                     0x00000000   Number         0  faddsub.o ABSOLUTE
    ../fplib/feqf6m.s                        0x00000000   Number         0  feqf.o ABSOLUTE
    ../fplib/fgeqf6m.s                       0x00000000   Number         0  fgef.o ABSOLUTE
    ../fplib/fleqf6m.s                       0x00000000   Number         0  flef.o ABSOLUTE
    ../fplib/fmul6m.s                        0x00000000   Number         0  fmul.o ABSOLUTE
    ../fplib/usenofp.s                       0x00000000   Number         0  usenofp.o ABSOLUTE
    IIC.c                                    0x00000000   Number         0  iic.o ABSOLUTE
    SPI.c                                    0x00000000   Number         0  spi.o ABSOLUTE
    dc.s                                     0x00000000   Number         0  dc.o ABSOLUTE
    dl_common.c                              0x00000000   Number         0  dl_common.o ABSOLUTE
    dl_spi.c                                 0x00000000   Number         0  dl_spi.o ABSOLUTE
    dl_timer.c                               0x00000000   Number         0  dl_timer.o ABSOLUTE
    dl_uart.c                                0x00000000   Number         0  dl_uart.o ABSOLUTE
    empty.c                                  0x00000000   Number         0  empty.o ABSOLUTE
    key.c                                    0x00000000   Number         0  key.o ABSOLUTE
    motor.c                                  0x00000000   Number         0  motor.o ABSOLUTE
    sensor_rebuild_02.c                      0x00000000   Number         0  sensor_rebuild_02.o ABSOLUTE
    startup_mspm0g350x_uvision.s             0x00000000   Number         0  startup_mspm0g350x_uvision.o ABSOLUTE
    task.c                                   0x00000000   Number         0  task.o ABSOLUTE
    ti_msp_dl_config.c                       0x00000000   Number         0  ti_msp_dl_config.o ABSOLUTE
    RESET                                    0x00000000   Section      192  startup_mspm0g350x_uvision.o(RESET)
    !!!main                                  0x000000c0   Section        8  __main.o(!!!main)
    !!!scatter                               0x000000c8   Section       84  __scatter.o(!!!scatter)
    !!handler_null                           0x00000120   Section        2  __scatter.o(!!handler_null)
    !!handler_zi                             0x00000128   Section       28  __scatter_zi.o(!!handler_zi)
    .ARM.Collect$$libinit$$00000000          0x00000144   Section        2  libinit.o(.ARM.Collect$$libinit$$00000000)
    .ARM.Collect$$libinit$$00000002          0x00000146   Section        0  libinit2.o(.ARM.Collect$$libinit$$00000002)
    .ARM.Collect$$libinit$$00000004          0x00000146   Section        0  libinit2.o(.ARM.Collect$$libinit$$00000004)
    .ARM.Collect$$libinit$$00000006          0x00000146   Section        0  libinit2.o(.ARM.Collect$$libinit$$00000006)
    .ARM.Collect$$libinit$$0000000C          0x00000146   Section        0  libinit2.o(.ARM.Collect$$libinit$$0000000C)
    .ARM.Collect$$libinit$$0000000E          0x00000146   Section        0  libinit2.o(.ARM.Collect$$libinit$$0000000E)
    .ARM.Collect$$libinit$$00000010          0x00000146   Section        0  libinit2.o(.ARM.Collect$$libinit$$00000010)
    .ARM.Collect$$libinit$$00000013          0x00000146   Section        0  libinit2.o(.ARM.Collect$$libinit$$00000013)
    .ARM.Collect$$libinit$$00000015          0x00000146   Section        0  libinit2.o(.ARM.Collect$$libinit$$00000015)
    .ARM.Collect$$libinit$$00000017          0x00000146   Section        0  libinit2.o(.ARM.Collect$$libinit$$00000017)
    .ARM.Collect$$libinit$$00000019          0x00000146   Section        0  libinit2.o(.ARM.Collect$$libinit$$00000019)
    .ARM.Collect$$libinit$$0000001B          0x00000146   Section        0  libinit2.o(.ARM.Collect$$libinit$$0000001B)
    .ARM.Collect$$libinit$$0000001D          0x00000146   Section        0  libinit2.o(.ARM.Collect$$libinit$$0000001D)
    .ARM.Collect$$libinit$$0000001F          0x00000146   Section        0  libinit2.o(.ARM.Collect$$libinit$$0000001F)
    .ARM.Collect$$libinit$$00000021          0x00000146   Section        0  libinit2.o(.ARM.Collect$$libinit$$00000021)
    .ARM.Collect$$libinit$$00000023          0x00000146   Section        0  libinit2.o(.ARM.Collect$$libinit$$00000023)
    .ARM.Collect$$libinit$$00000025          0x00000146   Section        0  libinit2.o(.ARM.Collect$$libinit$$00000025)
    .ARM.Collect$$libinit$$00000027          0x00000146   Section        0  libinit2.o(.ARM.Collect$$libinit$$00000027)
    .ARM.Collect$$libinit$$0000002E          0x00000146   Section        0  libinit2.o(.ARM.Collect$$libinit$$0000002E)
    .ARM.Collect$$libinit$$00000030          0x00000146   Section        0  libinit2.o(.ARM.Collect$$libinit$$00000030)
    .ARM.Collect$$libinit$$00000032          0x00000146   Section        0  libinit2.o(.ARM.Collect$$libinit$$00000032)
    .ARM.Collect$$libinit$$00000034          0x00000146   Section        0  libinit2.o(.ARM.Collect$$libinit$$00000034)
    .ARM.Collect$$libinit$$00000035          0x00000146   Section        2  libinit2.o(.ARM.Collect$$libinit$$00000035)
    .ARM.Collect$$libshutdown$$00000000      0x00000148   Section        2  libshutdown.o(.ARM.Collect$$libshutdown$$00000000)
    .ARM.Collect$$libshutdown$$00000002      0x0000014a   Section        0  libshutdown2.o(.ARM.Collect$$libshutdown$$00000002)
    .ARM.Collect$$libshutdown$$00000004      0x0000014a   Section        0  libshutdown2.o(.ARM.Collect$$libshutdown$$00000004)
    .ARM.Collect$$libshutdown$$00000007      0x0000014a   Section        0  libshutdown2.o(.ARM.Collect$$libshutdown$$00000007)
    .ARM.Collect$$libshutdown$$0000000A      0x0000014a   Section        0  libshutdown2.o(.ARM.Collect$$libshutdown$$0000000A)
    .ARM.Collect$$libshutdown$$0000000C      0x0000014a   Section        0  libshutdown2.o(.ARM.Collect$$libshutdown$$0000000C)
    .ARM.Collect$$libshutdown$$0000000F      0x0000014a   Section        0  libshutdown2.o(.ARM.Collect$$libshutdown$$0000000F)
    .ARM.Collect$$libshutdown$$00000010      0x0000014a   Section        2  libshutdown2.o(.ARM.Collect$$libshutdown$$00000010)
    .ARM.Collect$$rtentry$$00000000          0x0000014c   Section        0  __rtentry.o(.ARM.Collect$$rtentry$$00000000)
    .ARM.Collect$$rtentry$$00000002          0x0000014c   Section        0  __rtentry2.o(.ARM.Collect$$rtentry$$00000002)
    .ARM.Collect$$rtentry$$00000004          0x0000014c   Section        6  __rtentry4.o(.ARM.Collect$$rtentry$$00000004)
    .ARM.Collect$$rtentry$$00000009          0x00000152   Section        0  __rtentry2.o(.ARM.Collect$$rtentry$$00000009)
    .ARM.Collect$$rtentry$$0000000A          0x00000152   Section        4  __rtentry2.o(.ARM.Collect$$rtentry$$0000000A)
    .ARM.Collect$$rtentry$$0000000C          0x00000156   Section        0  __rtentry2.o(.ARM.Collect$$rtentry$$0000000C)
    .ARM.Collect$$rtentry$$0000000D          0x00000156   Section        8  __rtentry2.o(.ARM.Collect$$rtentry$$0000000D)
    .ARM.Collect$$rtexit$$00000000           0x0000015e   Section        2  rtexit.o(.ARM.Collect$$rtexit$$00000000)
    .ARM.Collect$$rtexit$$00000002           0x00000160   Section        0  rtexit2.o(.ARM.Collect$$rtexit$$00000002)
    .ARM.Collect$$rtexit$$00000003           0x00000160   Section        4  rtexit2.o(.ARM.Collect$$rtexit$$00000003)
    .ARM.Collect$$rtexit$$00000004           0x00000164   Section        6  rtexit2.o(.ARM.Collect$$rtexit$$00000004)
    .text                                    0x0000016c   Section       48  startup_mspm0g350x_uvision.o(.text)
    .text                                    0x0000019c   Section        0  rt_memclr.o(.text)
    .text                                    0x000001dc   Section        0  heapauxi.o(.text)
    .text                                    0x000001e2   Section        0  ffixi.o(.text)
    .text                                    0x00000230   Section        0  fcmpin.o(.text)
    .text                                    0x00000294   Section       62  sys_stackheap_outer.o(.text)
    .text                                    0x000002d2   Section        0  exit.o(.text)
    .text                                    0x000002e2   Section        0  cmpret.o(.text)
    .text                                    0x00000310   Section        0  fnan2.o(.text)
    .text                                    0x00000320   Section        8  libspace.o(.text)
    .text                                    0x00000328   Section        0  retnan.o(.text)
    .text                                    0x00000388   Section        0  sys_exit.o(.text)
    .text                                    0x00000394   Section        2  use_no_semi.o(.text)
    .text                                    0x00000396   Section        0  indicate_semi.o(.text)
    [Anonymous Symbol]                       0x00000398   Section        0  sensor_rebuild_02.o(.text.Action_Straight)
    __arm_cp.0_0                             0x0000055c   Number         4  sensor_rebuild_02.o(.text.Action_Straight)
    __arm_cp.0_1                             0x00000560   Number         4  sensor_rebuild_02.o(.text.Action_Straight)
    __arm_cp.0_2                             0x00000564   Number         4  sensor_rebuild_02.o(.text.Action_Straight)
    __arm_cp.0_3                             0x00000568   Number         4  sensor_rebuild_02.o(.text.Action_Straight)
    __arm_cp.0_4                             0x0000056c   Number         4  sensor_rebuild_02.o(.text.Action_Straight)
    __arm_cp.0_5                             0x00000570   Number         4  sensor_rebuild_02.o(.text.Action_Straight)
    [Anonymous Symbol]                       0x00000574   Section        0  sensor_rebuild_02.o(.text.Action_TurnLeft_Brake)
    [Anonymous Symbol]                       0x000005a8   Section        0  sensor_rebuild_02.o(.text.Action_TurnLeft_Spin)
    __arm_cp.2_0                             0x000005f0   Number         4  sensor_rebuild_02.o(.text.Action_TurnLeft_Spin)
    [Anonymous Symbol]                       0x000005f4   Section        0  sensor_rebuild_02.o(.text.Action_TurnLeft_Stop)
    __arm_cp.3_0                             0x0000063c   Number         4  sensor_rebuild_02.o(.text.Action_TurnLeft_Stop)
    [Anonymous Symbol]                       0x00000640   Section        0  dl_common.o(.text.DL_Common_delayCycles)
    [Anonymous Symbol]                       0x0000064c   Section        0  dl_spi.o(.text.DL_SPI_init)
    __arm_cp.0_0                             0x00000688   Number         4  dl_spi.o(.text.DL_SPI_init)
    __arm_cp.0_1                             0x0000068c   Number         4  dl_spi.o(.text.DL_SPI_init)
    [Anonymous Symbol]                       0x00000690   Section        0  dl_spi.o(.text.DL_SPI_setClockConfig)
    [Anonymous Symbol]                       0x000006a4   Section        0  dl_timer.o(.text.DL_Timer_initFourCCPWMMode)
    __arm_cp.38_1                            0x00000798   Number         4  dl_timer.o(.text.DL_Timer_initFourCCPWMMode)
    __arm_cp.38_2                            0x0000079c   Number         4  dl_timer.o(.text.DL_Timer_initFourCCPWMMode)
    __arm_cp.38_4                            0x000007a0   Number         4  dl_timer.o(.text.DL_Timer_initFourCCPWMMode)
    __arm_cp.38_5                            0x000007a4   Number         4  dl_timer.o(.text.DL_Timer_initFourCCPWMMode)
    __arm_cp.38_6                            0x000007a8   Number         4  dl_timer.o(.text.DL_Timer_initFourCCPWMMode)
    [Anonymous Symbol]                       0x000007ac   Section        0  dl_timer.o(.text.DL_Timer_initTimerMode)
    __arm_cp.2_0                             0x0000088c   Number         4  dl_timer.o(.text.DL_Timer_initTimerMode)
    __arm_cp.2_1                             0x00000890   Number         4  dl_timer.o(.text.DL_Timer_initTimerMode)
    __arm_cp.2_2                             0x00000894   Number         4  dl_timer.o(.text.DL_Timer_initTimerMode)
    __arm_cp.2_3                             0x00000898   Number         4  dl_timer.o(.text.DL_Timer_initTimerMode)
    [Anonymous Symbol]                       0x0000089c   Section        0  dl_timer.o(.text.DL_Timer_setCaptCompUpdateMethod)
    __arm_cp.23_0                            0x000008b4   Number         4  dl_timer.o(.text.DL_Timer_setCaptCompUpdateMethod)
    [Anonymous Symbol]                       0x000008b8   Section        0  dl_timer.o(.text.DL_Timer_setCaptureCompareOutCtl)
    __arm_cp.25_0                            0x000008cc   Number         4  dl_timer.o(.text.DL_Timer_setCaptureCompareOutCtl)
    [Anonymous Symbol]                       0x000008d0   Section        0  dl_timer.o(.text.DL_Timer_setCaptureCompareValue)
    __arm_cp.3_0                             0x000008dc   Number         4  dl_timer.o(.text.DL_Timer_setCaptureCompareValue)
    [Anonymous Symbol]                       0x000008e0   Section        0  dl_timer.o(.text.DL_Timer_setClockConfig)
    __arm_cp.0_0                             0x000008f8   Number         4  dl_timer.o(.text.DL_Timer_setClockConfig)
    [Anonymous Symbol]                       0x000008fc   Section        0  dl_uart.o(.text.DL_UART_init)
    __arm_cp.0_0                             0x0000093c   Number         4  dl_uart.o(.text.DL_UART_init)
    __arm_cp.0_1                             0x00000940   Number         4  dl_uart.o(.text.DL_UART_init)
    [Anonymous Symbol]                       0x00000944   Section        0  dl_uart.o(.text.DL_UART_setClockConfig)
    [Anonymous Symbol]                       0x00000958   Section        0  ti_msp_dl_config.o(.text.SYSCFG_DL_GPIO_init)
    __arm_cp.2_0                             0x000009c8   Number         4  ti_msp_dl_config.o(.text.SYSCFG_DL_GPIO_init)
    __arm_cp.2_1                             0x000009cc   Number         4  ti_msp_dl_config.o(.text.SYSCFG_DL_GPIO_init)
    __arm_cp.2_2                             0x000009d0   Number         4  ti_msp_dl_config.o(.text.SYSCFG_DL_GPIO_init)
    __arm_cp.2_3                             0x000009d4   Number         4  ti_msp_dl_config.o(.text.SYSCFG_DL_GPIO_init)
    __arm_cp.2_4                             0x000009d8   Number         4  ti_msp_dl_config.o(.text.SYSCFG_DL_GPIO_init)
    __arm_cp.2_5                             0x000009dc   Number         4  ti_msp_dl_config.o(.text.SYSCFG_DL_GPIO_init)
    __arm_cp.2_6                             0x000009e0   Number         4  ti_msp_dl_config.o(.text.SYSCFG_DL_GPIO_init)
    __arm_cp.2_7                             0x000009e4   Number         4  ti_msp_dl_config.o(.text.SYSCFG_DL_GPIO_init)
    [Anonymous Symbol]                       0x000009e8   Section        0  ti_msp_dl_config.o(.text.SYSCFG_DL_Motor_A_init)
    __arm_cp.4_0                             0x00000a54   Number         4  ti_msp_dl_config.o(.text.SYSCFG_DL_Motor_A_init)
    __arm_cp.4_1                             0x00000a58   Number         4  ti_msp_dl_config.o(.text.SYSCFG_DL_Motor_A_init)
    __arm_cp.4_2                             0x00000a5c   Number         4  ti_msp_dl_config.o(.text.SYSCFG_DL_Motor_A_init)
    __arm_cp.4_3                             0x00000a60   Number         4  ti_msp_dl_config.o(.text.SYSCFG_DL_Motor_A_init)
    [Anonymous Symbol]                       0x00000a64   Section        0  ti_msp_dl_config.o(.text.SYSCFG_DL_Motor_B_init)
    __arm_cp.5_0                             0x00000ad0   Number         4  ti_msp_dl_config.o(.text.SYSCFG_DL_Motor_B_init)
    __arm_cp.5_1                             0x00000ad4   Number         4  ti_msp_dl_config.o(.text.SYSCFG_DL_Motor_B_init)
    __arm_cp.5_2                             0x00000ad8   Number         4  ti_msp_dl_config.o(.text.SYSCFG_DL_Motor_B_init)
    __arm_cp.5_3                             0x00000adc   Number         4  ti_msp_dl_config.o(.text.SYSCFG_DL_Motor_B_init)
    [Anonymous Symbol]                       0x00000ae0   Section        0  ti_msp_dl_config.o(.text.SYSCFG_DL_SPI_init)
    __arm_cp.8_0                             0x00000b14   Number         4  ti_msp_dl_config.o(.text.SYSCFG_DL_SPI_init)
    __arm_cp.8_1                             0x00000b18   Number         4  ti_msp_dl_config.o(.text.SYSCFG_DL_SPI_init)
    __arm_cp.8_2                             0x00000b1c   Number         4  ti_msp_dl_config.o(.text.SYSCFG_DL_SPI_init)
    __arm_cp.8_3                             0x00000b20   Number         4  ti_msp_dl_config.o(.text.SYSCFG_DL_SPI_init)
    __arm_cp.8_4                             0x00000b24   Number         4  ti_msp_dl_config.o(.text.SYSCFG_DL_SPI_init)
    [Anonymous Symbol]                       0x00000b28   Section        0  ti_msp_dl_config.o(.text.SYSCFG_DL_SYSCTL_init)
    __arm_cp.3_0                             0x00000b5c   Number         4  ti_msp_dl_config.o(.text.SYSCFG_DL_SYSCTL_init)
    __arm_cp.3_1                             0x00000b60   Number         4  ti_msp_dl_config.o(.text.SYSCFG_DL_SYSCTL_init)
    [Anonymous Symbol]                       0x00000b64   Section        0  ti_msp_dl_config.o(.text.SYSCFG_DL_TIMER_0_init)
    __arm_cp.6_0                             0x00000b88   Number         4  ti_msp_dl_config.o(.text.SYSCFG_DL_TIMER_0_init)
    __arm_cp.6_1                             0x00000b8c   Number         4  ti_msp_dl_config.o(.text.SYSCFG_DL_TIMER_0_init)
    __arm_cp.6_2                             0x00000b90   Number         4  ti_msp_dl_config.o(.text.SYSCFG_DL_TIMER_0_init)
    __arm_cp.6_3                             0x00000b94   Number         4  ti_msp_dl_config.o(.text.SYSCFG_DL_TIMER_0_init)
    __arm_cp.6_4                             0x00000b98   Number         4  ti_msp_dl_config.o(.text.SYSCFG_DL_TIMER_0_init)
    [Anonymous Symbol]                       0x00000b9c   Section        0  ti_msp_dl_config.o(.text.SYSCFG_DL_UART_0_init)
    __arm_cp.7_0                             0x00000bf4   Number         4  ti_msp_dl_config.o(.text.SYSCFG_DL_UART_0_init)
    __arm_cp.7_1                             0x00000bf8   Number         4  ti_msp_dl_config.o(.text.SYSCFG_DL_UART_0_init)
    __arm_cp.7_2                             0x00000bfc   Number         4  ti_msp_dl_config.o(.text.SYSCFG_DL_UART_0_init)
    __arm_cp.7_3                             0x00000c00   Number         4  ti_msp_dl_config.o(.text.SYSCFG_DL_UART_0_init)
    __arm_cp.7_4                             0x00000c04   Number         4  ti_msp_dl_config.o(.text.SYSCFG_DL_UART_0_init)
    __arm_cp.7_5                             0x00000c08   Number         4  ti_msp_dl_config.o(.text.SYSCFG_DL_UART_0_init)
    [Anonymous Symbol]                       0x00000c0c   Section        0  ti_msp_dl_config.o(.text.SYSCFG_DL_init)
    __arm_cp.0_0                             0x00000c48   Number         4  ti_msp_dl_config.o(.text.SYSCFG_DL_init)
    __arm_cp.0_1                             0x00000c4c   Number         4  ti_msp_dl_config.o(.text.SYSCFG_DL_init)
    __arm_cp.0_2                             0x00000c50   Number         4  ti_msp_dl_config.o(.text.SYSCFG_DL_init)
    __arm_cp.0_3                             0x00000c54   Number         4  ti_msp_dl_config.o(.text.SYSCFG_DL_init)
    [Anonymous Symbol]                       0x00000c58   Section        0  ti_msp_dl_config.o(.text.SYSCFG_DL_initPower)
    __arm_cp.1_0                             0x00000c94   Number         4  ti_msp_dl_config.o(.text.SYSCFG_DL_initPower)
    __arm_cp.1_1                             0x00000c98   Number         4  ti_msp_dl_config.o(.text.SYSCFG_DL_initPower)
    __arm_cp.1_2                             0x00000c9c   Number         4  ti_msp_dl_config.o(.text.SYSCFG_DL_initPower)
    __arm_cp.1_3                             0x00000ca0   Number         4  ti_msp_dl_config.o(.text.SYSCFG_DL_initPower)
    __arm_cp.1_4                             0x00000ca4   Number         4  ti_msp_dl_config.o(.text.SYSCFG_DL_initPower)
    __arm_cp.1_5                             0x00000ca8   Number         4  ti_msp_dl_config.o(.text.SYSCFG_DL_initPower)
    __arm_cp.1_6                             0x00000cac   Number         4  ti_msp_dl_config.o(.text.SYSCFG_DL_initPower)
    __arm_cp.1_7                             0x00000cb0   Number         4  ti_msp_dl_config.o(.text.SYSCFG_DL_initPower)
    __arm_cp.1_8                             0x00000cb4   Number         4  ti_msp_dl_config.o(.text.SYSCFG_DL_initPower)
    [Anonymous Symbol]                       0x00000cb8   Section        0  empty.o(.text.TIMA0_IRQHandler)
    __arm_cp.3_0                             0x00000cdc   Number         4  empty.o(.text.TIMA0_IRQHandler)
    __arm_cp.3_1                             0x00000ce0   Number         4  empty.o(.text.TIMA0_IRQHandler)
    [Anonymous Symbol]                       0x00000ce4   Section        0  task.o(.text.TaskManager_Init)
    [Anonymous Symbol]                       0x00000cf4   Section        0  task.o(.text.TaskManager_Update)
    __arm_cp.7_0                             0x00000de4   Number         4  task.o(.text.TaskManager_Update)
    __arm_cp.7_1                             0x00000de8   Number         4  task.o(.text.TaskManager_Update)
    __arm_cp.7_2                             0x00000dec   Number         4  task.o(.text.TaskManager_Update)
    __arm_cp.7_3                             0x00000df0   Number         4  task.o(.text.TaskManager_Update)
    __arm_cp.7_4                             0x00000df4   Number         4  task.o(.text.TaskManager_Update)
    __arm_cp.7_5                             0x00000df8   Number         4  task.o(.text.TaskManager_Update)
    __arm_cp.7_6                             0x00000dfc   Number         4  task.o(.text.TaskManager_Update)
    __arm_cp.7_7                             0x00000e00   Number         4  task.o(.text.TaskManager_Update)
    [Anonymous Symbol]                       0x00000e04   Section        0  empty.o(.text.UART0_IRQHandler)
    __arm_cp.4_0                             0x00000e34   Number         4  empty.o(.text.UART0_IRQHandler)
    __arm_cp.4_1                             0x00000e38   Number         4  empty.o(.text.UART0_IRQHandler)
    __arm_cp.4_2                             0x00000e3c   Number         4  empty.o(.text.UART0_IRQHandler)
    [Anonymous Symbol]                       0x00000e40   Section        0  sensor_rebuild_02.o(.text.car_init)
    __arm_cp.6_1                             0x00000e90   Number         4  sensor_rebuild_02.o(.text.car_init)
    __arm_cp.6_2                             0x00000e94   Number         4  sensor_rebuild_02.o(.text.car_init)
    __arm_cp.6_3                             0x00000e98   Number         4  sensor_rebuild_02.o(.text.car_init)
    __arm_cp.6_4                             0x00000e9c   Number         4  sensor_rebuild_02.o(.text.car_init)
    __arm_cp.6_5                             0x00000ea0   Number         4  sensor_rebuild_02.o(.text.car_init)
    __arm_cp.6_6                             0x00000ea4   Number         4  sensor_rebuild_02.o(.text.car_init)
    __arm_cp.6_7                             0x00000ea8   Number         4  sensor_rebuild_02.o(.text.car_init)
    __arm_cp.6_8                             0x00000eac   Number         4  sensor_rebuild_02.o(.text.car_init)
    [Anonymous Symbol]                       0x00000eb0   Section        0  motor.o(.text.go_backward_a)
    [Anonymous Symbol]                       0x00000ee8   Section        0  motor.o(.text.go_backward_b)
    [Anonymous Symbol]                       0x00000f20   Section        0  motor.o(.text.go_forward_a)
    [Anonymous Symbol]                       0x00000f58   Section        0  motor.o(.text.go_forward_b)
    [Anonymous Symbol]                       0x00000f90   Section        0  motor.o(.text.go_stop)
    __arm_cp.9_0                             0x00000fc4   Number         4  motor.o(.text.go_stop)
    __arm_cp.9_1                             0x00000fc8   Number         4  motor.o(.text.go_stop)
    [Anonymous Symbol]                       0x00000fcc   Section        0  empty.o(.text.main)
    __arm_cp.0_0                             0x00000ff8   Number         4  empty.o(.text.main)
    __arm_cp.0_1                             0x00000ffc   Number         4  empty.o(.text.main)
    __arm_cp.0_2                             0x00001000   Number         4  empty.o(.text.main)
    [Anonymous Symbol]                       0x00001004   Section        0  key.o(.text.read_key)
    [Anonymous Symbol]                       0x0000103c   Section        0  sensor_rebuild_02.o(.text.sensor_pid)
    __arm_cp.4_1                             0x00001064   Number         4  sensor_rebuild_02.o(.text.sensor_pid)
    [Anonymous Symbol]                       0x00001068   Section        0  sensor_rebuild_02.o(.text.sensor_read)
    __arm_cp.5_0                             0x00001184   Number         4  sensor_rebuild_02.o(.text.sensor_read)
    __arm_cp.5_1                             0x00001188   Number         4  sensor_rebuild_02.o(.text.sensor_read)
    __arm_cp.5_2                             0x0000118c   Number         4  sensor_rebuild_02.o(.text.sensor_read)
    __arm_cp.5_3                             0x00001190   Number         4  sensor_rebuild_02.o(.text.sensor_read)
    __arm_cp.5_4                             0x00001194   Number         4  sensor_rebuild_02.o(.text.sensor_read)
    __arm_cp.5_5                             0x00001198   Number         4  sensor_rebuild_02.o(.text.sensor_read)
    __arm_cp.5_6                             0x0000119c   Number         4  sensor_rebuild_02.o(.text.sensor_read)
    __arm_cp.5_7                             0x000011a0   Number         4  sensor_rebuild_02.o(.text.sensor_read)
    __arm_cp.5_8                             0x000011a4   Number         4  sensor_rebuild_02.o(.text.sensor_read)
    i._fgeq                                  0x000011a8   Section        0  fcmp.o(i._fgeq)
    i._fgr                                   0x000011be   Section        0  fcmp.o(i._fgr)
    x$fpl$fadd                               0x000011d4   Section      140  faddsub.o(x$fpl$fadd)
    _fadd1                                   0x000011e1   Thumb Code     0  faddsub.o(x$fpl$fadd)
    x$fpl$fgeqf                              0x00001260   Section       84  fgef.o(x$fpl$fgeqf)
    x$fpl$fmul                               0x000012b4   Section      176  fmul.o(x$fpl$fmul)
    x$fpl$fsub                               0x00001364   Section      208  faddsub.o(x$fpl$fsub)
    _fsub1                                   0x00001371   Thumb Code     0  faddsub.o(x$fpl$fsub)
    x$fpl$usenofp                            0x00001434   Section        0  usenofp.o(x$fpl$usenofp)
    gMotor_AClockConfig                      0x00001454   Data           3  ti_msp_dl_config.o(.rodata.gMotor_AClockConfig)
    [Anonymous Symbol]                       0x00001454   Section        0  ti_msp_dl_config.o(.rodata.gMotor_AClockConfig)
    gMotor_AConfig                           0x00001458   Data           8  ti_msp_dl_config.o(.rodata.gMotor_AConfig)
    [Anonymous Symbol]                       0x00001458   Section        0  ti_msp_dl_config.o(.rodata.gMotor_AConfig)
    gMotor_BClockConfig                      0x00001460   Data           3  ti_msp_dl_config.o(.rodata.gMotor_BClockConfig)
    [Anonymous Symbol]                       0x00001460   Section        0  ti_msp_dl_config.o(.rodata.gMotor_BClockConfig)
    gMotor_BConfig                           0x00001464   Data           8  ti_msp_dl_config.o(.rodata.gMotor_BConfig)
    [Anonymous Symbol]                       0x00001464   Section        0  ti_msp_dl_config.o(.rodata.gMotor_BConfig)
    gSPI_clockConfig                         0x0000146c   Data           2  ti_msp_dl_config.o(.rodata.gSPI_clockConfig)
    [Anonymous Symbol]                       0x0000146c   Section        0  ti_msp_dl_config.o(.rodata.gSPI_clockConfig)
    gSPI_config                              0x0000146e   Data          10  ti_msp_dl_config.o(.rodata.gSPI_config)
    [Anonymous Symbol]                       0x0000146e   Section        0  ti_msp_dl_config.o(.rodata.gSPI_config)
    gTIMER_0ClockConfig                      0x00001478   Data           3  ti_msp_dl_config.o(.rodata.gTIMER_0ClockConfig)
    [Anonymous Symbol]                       0x00001478   Section        0  ti_msp_dl_config.o(.rodata.gTIMER_0ClockConfig)
    gTIMER_0TimerConfig                      0x0000147c   Data          20  ti_msp_dl_config.o(.rodata.gTIMER_0TimerConfig)
    [Anonymous Symbol]                       0x0000147c   Section        0  ti_msp_dl_config.o(.rodata.gTIMER_0TimerConfig)
    gUART_0ClockConfig                       0x00001490   Data           2  ti_msp_dl_config.o(.rodata.gUART_0ClockConfig)
    [Anonymous Symbol]                       0x00001490   Section        0  ti_msp_dl_config.o(.rodata.gUART_0ClockConfig)
    gUART_0Config                            0x00001492   Data          10  ti_msp_dl_config.o(.rodata.gUART_0Config)
    [Anonymous Symbol]                       0x00001492   Section        0  ti_msp_dl_config.o(.rodata.gUART_0Config)
    .bss                                     0x20200000   Section       96  libspace.o(.bss)
    TaskManager_DisplayStatus.blink_counter  0x20200060   Data           4  task.o(.bss.TaskManager_DisplayStatus.blink_counter)
    [Anonymous Symbol]                       0x20200060   Section        0  task.o(.bss.TaskManager_DisplayStatus.blink_counter)
    TaskManager_KeyDebounce.debounce_cnt     0x20200064   Data           1  task.o(.bss.TaskManager_KeyDebounce.debounce_cnt)
    [Anonymous Symbol]                       0x20200064   Section        0  task.o(.bss.TaskManager_KeyDebounce.debounce_cnt)
    TaskManager_KeyDebounce.last_key         0x20200065   Data           1  task.o(.bss.TaskManager_KeyDebounce.last_key)
    [Anonymous Symbol]                       0x20200065   Section        0  task.o(.bss.TaskManager_KeyDebounce.last_key)
    Heap_Mem                                 0x20200338   Data         256  startup_mspm0g350x_uvision.o(HEAP)
    HEAP                                     0x20200338   Section      256  startup_mspm0g350x_uvision.o(HEAP)
    Stack_Mem                                0x20200438   Data         256  startup_mspm0g350x_uvision.o(STACK)
    STACK                                    0x20200438   Section      256  startup_mspm0g350x_uvision.o(STACK)
    __initial_sp                             0x20200538   Data           0  startup_mspm0g350x_uvision.o(STACK)

    Global Symbols

    Symbol Name                              Value     Ov Type        Size  Object(Section)

    BuildAttributes$$THM_ISAv3M$S$PE$A:L22$X:L11$S22$IEEE1$IW$~IW$USESV6$~STKCKD$USESV7$~SHL$OTIME$ROPI$EBA8$UX$STANDARDLIB$REQ8$PRES8$EABIv2 0x00000000   Number         0  anon$$obj.o ABSOLUTE
    __Vectors                                0x00000000   Data           4  startup_mspm0g350x_uvision.o(RESET)
    __ARM_exceptions_init                     - Undefined Weak Reference
    __alloca_initialize                       - Undefined Weak Reference
    __arm_preinit_                            - Undefined Weak Reference
    __arm_relocate_pie_                       - Undefined Weak Reference
    __cpp_initialize__aeabi_                  - Undefined Weak Reference
    __cxa_finalize                            - Undefined Weak Reference
    __rt_locale                               - Undefined Weak Reference
    __sigvec_lookup                           - Undefined Weak Reference
    __user_heap_extent                        - Undefined Weak Reference
    _atexit_init                              - Undefined Weak Reference
    _call_atexit_fns                          - Undefined Weak Reference
    _clock_init                               - Undefined Weak Reference
    _fp_trap_init                             - Undefined Weak Reference
    _fp_trap_shutdown                         - Undefined Weak Reference
    _get_lc_collate                           - Undefined Weak Reference
    _get_lc_ctype                             - Undefined Weak Reference
    _get_lc_monetary                          - Undefined Weak Reference
    _get_lc_numeric                           - Undefined Weak Reference
    _get_lc_time                              - Undefined Weak Reference
    _getenv_init                              - Undefined Weak Reference
    _handle_redirection                       - Undefined Weak Reference
    _mutex_acquire                            - Undefined Weak Reference
    _mutex_free                               - Undefined Weak Reference
    _mutex_release                            - Undefined Weak Reference
    _rand_init                                - Undefined Weak Reference
    _signal_finish                            - Undefined Weak Reference
    _signal_init                              - Undefined Weak Reference
    __Vectors_End                            0x000000c0   Data           0  startup_mspm0g350x_uvision.o(RESET)
    __Vectors_Size                           0x000000c0   Number         0  startup_mspm0g350x_uvision.o ABSOLUTE
    __main                                   0x000000c1   Thumb Code     8  __main.o(!!!main)
    __scatterload                            0x000000c9   Thumb Code     0  __scatter.o(!!!scatter)
    __scatterload_rt2                        0x000000c9   Thumb Code    74  __scatter.o(!!!scatter)
    __scatterload_rt2_thumb_only             0x000000c9   Thumb Code     0  __scatter.o(!!!scatter)
    __scatterload_loop                       0x000000d3   Thumb Code     0  __scatter.o(!!!scatter)
    __scatterload_null                       0x00000121   Thumb Code     2  __scatter.o(!!handler_null)
    __scatterload_zeroinit                   0x00000129   Thumb Code    28  __scatter_zi.o(!!handler_zi)
    __rt_lib_init                            0x00000145   Thumb Code     0  libinit.o(.ARM.Collect$$libinit$$00000000)
    __rt_lib_init_alloca_1                   0x00000147   Thumb Code     0  libinit2.o(.ARM.Collect$$libinit$$00000030)
    __rt_lib_init_argv_1                     0x00000147   Thumb Code     0  libinit2.o(.ARM.Collect$$libinit$$0000002E)
    __rt_lib_init_atexit_1                   0x00000147   Thumb Code     0  libinit2.o(.ARM.Collect$$libinit$$0000001D)
    __rt_lib_init_clock_1                    0x00000147   Thumb Code     0  libinit2.o(.ARM.Collect$$libinit$$00000023)
    __rt_lib_init_cpp_1                      0x00000147   Thumb Code     0  libinit2.o(.ARM.Collect$$libinit$$00000034)
    __rt_lib_init_exceptions_1               0x00000147   Thumb Code     0  libinit2.o(.ARM.Collect$$libinit$$00000032)
    __rt_lib_init_fp_1                       0x00000147   Thumb Code     0  libinit2.o(.ARM.Collect$$libinit$$00000002)
    __rt_lib_init_fp_trap_1                  0x00000147   Thumb Code     0  libinit2.o(.ARM.Collect$$libinit$$00000021)
    __rt_lib_init_getenv_1                   0x00000147   Thumb Code     0  libinit2.o(.ARM.Collect$$libinit$$00000025)
    __rt_lib_init_heap_1                     0x00000147   Thumb Code     0  libinit2.o(.ARM.Collect$$libinit$$0000000C)
    __rt_lib_init_lc_collate_1               0x00000147   Thumb Code     0  libinit2.o(.ARM.Collect$$libinit$$00000013)
    __rt_lib_init_lc_ctype_1                 0x00000147   Thumb Code     0  libinit2.o(.ARM.Collect$$libinit$$00000015)
    __rt_lib_init_lc_monetary_1              0x00000147   Thumb Code     0  libinit2.o(.ARM.Collect$$libinit$$00000017)
    __rt_lib_init_lc_numeric_1               0x00000147   Thumb Code     0  libinit2.o(.ARM.Collect$$libinit$$00000019)
    __rt_lib_init_lc_time_1                  0x00000147   Thumb Code     0  libinit2.o(.ARM.Collect$$libinit$$0000001B)
    __rt_lib_init_preinit_1                  0x00000147   Thumb Code     0  libinit2.o(.ARM.Collect$$libinit$$00000006)
    __rt_lib_init_rand_1                     0x00000147   Thumb Code     0  libinit2.o(.ARM.Collect$$libinit$$00000010)
    __rt_lib_init_relocate_pie_1             0x00000147   Thumb Code     0  libinit2.o(.ARM.Collect$$libinit$$00000004)
    __rt_lib_init_return                     0x00000147   Thumb Code     0  libinit2.o(.ARM.Collect$$libinit$$00000035)
    __rt_lib_init_signal_1                   0x00000147   Thumb Code     0  libinit2.o(.ARM.Collect$$libinit$$0000001F)
    __rt_lib_init_stdio_1                    0x00000147   Thumb Code     0  libinit2.o(.ARM.Collect$$libinit$$00000027)
    __rt_lib_init_user_alloc_1               0x00000147   Thumb Code     0  libinit2.o(.ARM.Collect$$libinit$$0000000E)
    __rt_lib_shutdown                        0x00000149   Thumb Code     0  libshutdown.o(.ARM.Collect$$libshutdown$$00000000)
    __rt_lib_shutdown_cpp_1                  0x0000014b   Thumb Code     0  libshutdown2.o(.ARM.Collect$$libshutdown$$00000002)
    __rt_lib_shutdown_fp_trap_1              0x0000014b   Thumb Code     0  libshutdown2.o(.ARM.Collect$$libshutdown$$00000007)
    __rt_lib_shutdown_heap_1                 0x0000014b   Thumb Code     0  libshutdown2.o(.ARM.Collect$$libshutdown$$0000000F)
    __rt_lib_shutdown_return                 0x0000014b   Thumb Code     0  libshutdown2.o(.ARM.Collect$$libshutdown$$00000010)
    __rt_lib_shutdown_signal_1               0x0000014b   Thumb Code     0  libshutdown2.o(.ARM.Collect$$libshutdown$$0000000A)
    __rt_lib_shutdown_stdio_1                0x0000014b   Thumb Code     0  libshutdown2.o(.ARM.Collect$$libshutdown$$00000004)
    __rt_lib_shutdown_user_alloc_1           0x0000014b   Thumb Code     0  libshutdown2.o(.ARM.Collect$$libshutdown$$0000000C)
    __rt_entry                               0x0000014d   Thumb Code     0  __rtentry.o(.ARM.Collect$$rtentry$$00000000)
    __rt_entry_presh_1                       0x0000014d   Thumb Code     0  __rtentry2.o(.ARM.Collect$$rtentry$$00000002)
    __rt_entry_sh                            0x0000014d   Thumb Code     0  __rtentry4.o(.ARM.Collect$$rtentry$$00000004)
    __rt_entry_li                            0x00000153   Thumb Code     0  __rtentry2.o(.ARM.Collect$$rtentry$$0000000A)
    __rt_entry_postsh_1                      0x00000153   Thumb Code     0  __rtentry2.o(.ARM.Collect$$rtentry$$00000009)
    __rt_entry_main                          0x00000157   Thumb Code     0  __rtentry2.o(.ARM.Collect$$rtentry$$0000000D)
    __rt_entry_postli_1                      0x00000157   Thumb Code     0  __rtentry2.o(.ARM.Collect$$rtentry$$0000000C)
    __rt_exit                                0x0000015f   Thumb Code     0  rtexit.o(.ARM.Collect$$rtexit$$00000000)
    __rt_exit_ls                             0x00000161   Thumb Code     0  rtexit2.o(.ARM.Collect$$rtexit$$00000003)
    __rt_exit_prels_1                        0x00000161   Thumb Code     0  rtexit2.o(.ARM.Collect$$rtexit$$00000002)
    __rt_exit_exit                           0x00000165   Thumb Code     0  rtexit2.o(.ARM.Collect$$rtexit$$00000004)
    Reset_Handler                            0x0000016d   Thumb Code     4  startup_mspm0g350x_uvision.o(.text)
    NMI_Handler                              0x00000171   Thumb Code     2  startup_mspm0g350x_uvision.o(.text)
    HardFault_Handler                        0x00000173   Thumb Code     2  startup_mspm0g350x_uvision.o(.text)
    SVC_Handler                              0x00000175   Thumb Code     2  startup_mspm0g350x_uvision.o(.text)
    PendSV_Handler                           0x00000177   Thumb Code     2  startup_mspm0g350x_uvision.o(.text)
    SysTick_Handler                          0x00000179   Thumb Code     2  startup_mspm0g350x_uvision.o(.text)
    ADC0_IRQHandler                          0x0000017b   Thumb Code     0  startup_mspm0g350x_uvision.o(.text)
    ADC1_IRQHandler                          0x0000017b   Thumb Code     0  startup_mspm0g350x_uvision.o(.text)
    AES_IRQHandler                           0x0000017b   Thumb Code     0  startup_mspm0g350x_uvision.o(.text)
    CANFD0_IRQHandler                        0x0000017b   Thumb Code     0  startup_mspm0g350x_uvision.o(.text)
    DAC0_IRQHandler                          0x0000017b   Thumb Code     0  startup_mspm0g350x_uvision.o(.text)
    DMA_IRQHandler                           0x0000017b   Thumb Code     0  startup_mspm0g350x_uvision.o(.text)
    Default_Handler                          0x0000017b   Thumb Code     2  startup_mspm0g350x_uvision.o(.text)
    GROUP0_IRQHandler                        0x0000017b   Thumb Code     0  startup_mspm0g350x_uvision.o(.text)
    GROUP1_IRQHandler                        0x0000017b   Thumb Code     0  startup_mspm0g350x_uvision.o(.text)
    I2C0_IRQHandler                          0x0000017b   Thumb Code     0  startup_mspm0g350x_uvision.o(.text)
    I2C1_IRQHandler                          0x0000017b   Thumb Code     0  startup_mspm0g350x_uvision.o(.text)
    RTC_IRQHandler                           0x0000017b   Thumb Code     0  startup_mspm0g350x_uvision.o(.text)
    SPI0_IRQHandler                          0x0000017b   Thumb Code     0  startup_mspm0g350x_uvision.o(.text)
    SPI1_IRQHandler                          0x0000017b   Thumb Code     0  startup_mspm0g350x_uvision.o(.text)
    TIMA1_IRQHandler                         0x0000017b   Thumb Code     0  startup_mspm0g350x_uvision.o(.text)
    TIMG0_IRQHandler                         0x0000017b   Thumb Code     0  startup_mspm0g350x_uvision.o(.text)
    TIMG12_IRQHandler                        0x0000017b   Thumb Code     0  startup_mspm0g350x_uvision.o(.text)
    TIMG6_IRQHandler                         0x0000017b   Thumb Code     0  startup_mspm0g350x_uvision.o(.text)
    TIMG7_IRQHandler                         0x0000017b   Thumb Code     0  startup_mspm0g350x_uvision.o(.text)
    TIMG8_IRQHandler                         0x0000017b   Thumb Code     0  startup_mspm0g350x_uvision.o(.text)
    UART1_IRQHandler                         0x0000017b   Thumb Code     0  startup_mspm0g350x_uvision.o(.text)
    UART2_IRQHandler                         0x0000017b   Thumb Code     0  startup_mspm0g350x_uvision.o(.text)
    UART3_IRQHandler                         0x0000017b   Thumb Code     0  startup_mspm0g350x_uvision.o(.text)
    __user_initial_stackheap                 0x0000017d   Thumb Code    10  startup_mspm0g350x_uvision.o(.text)
    _memset_w                                0x0000019d   Thumb Code    26  rt_memclr.o(.text)
    _memset                                  0x000001b7   Thumb Code    30  rt_memclr.o(.text)
    __aeabi_memclr                           0x000001d5   Thumb Code     4  rt_memclr.o(.text)
    __rt_memclr                              0x000001d5   Thumb Code     0  rt_memclr.o(.text)
    __aeabi_memclr4                          0x000001d9   Thumb Code     0  rt_memclr.o(.text)
    __aeabi_memclr8                          0x000001d9   Thumb Code     0  rt_memclr.o(.text)
    __rt_memclr_w                            0x000001d9   Thumb Code     4  rt_memclr.o(.text)
    __use_two_region_memory                  0x000001dd   Thumb Code     2  heapauxi.o(.text)
    __rt_heap_escrow                         0x000001df   Thumb Code     2  heapauxi.o(.text)
    __rt_heap_expand                         0x000001e1   Thumb Code     2  heapauxi.o(.text)
    __aeabi_f2iz                             0x000001e3   Thumb Code     0  ffixi.o(.text)
    _ffix                                    0x000001e3   Thumb Code    76  ffixi.o(.text)
    __fpl_fcmp_InfNaN                        0x00000231   Thumb Code    96  fcmpin.o(.text)
    __user_setup_stackheap                   0x00000295   Thumb Code    62  sys_stackheap_outer.o(.text)
    exit                                     0x000002d3   Thumb Code    16  exit.o(.text)
    __fpl_cmpreturn                          0x000002e3   Thumb Code    46  cmpret.o(.text)
    __fpl_fcheck_NaN2                        0x00000311   Thumb Code    10  fnan2.o(.text)
    __user_libspace                          0x00000321   Thumb Code     8  libspace.o(.text)
    __user_perproc_libspace                  0x00000321   Thumb Code     0  libspace.o(.text)
    __user_perthread_libspace                0x00000321   Thumb Code     0  libspace.o(.text)
    __fpl_return_NaN                         0x00000329   Thumb Code    94  retnan.o(.text)
    _sys_exit                                0x00000389   Thumb Code     8  sys_exit.o(.text)
    __I$use$semihosting                      0x00000395   Thumb Code     0  use_no_semi.o(.text)
    __use_no_semihosting_swi                 0x00000395   Thumb Code     2  use_no_semi.o(.text)
    __semihosting_library_function           0x00000397   Thumb Code     0  indicate_semi.o(.text)
    Action_Straight                          0x00000399   Thumb Code   452  sensor_rebuild_02.o(.text.Action_Straight)
    Action_TurnLeft_Brake                    0x00000575   Thumb Code    52  sensor_rebuild_02.o(.text.Action_TurnLeft_Brake)
    Action_TurnLeft_Spin                     0x000005a9   Thumb Code    72  sensor_rebuild_02.o(.text.Action_TurnLeft_Spin)
    Action_TurnLeft_Stop                     0x000005f5   Thumb Code    72  sensor_rebuild_02.o(.text.Action_TurnLeft_Stop)
    DL_Common_delayCycles                    0x00000641   Thumb Code    10  dl_common.o(.text.DL_Common_delayCycles)
    DL_SPI_init                              0x0000064d   Thumb Code    68  dl_spi.o(.text.DL_SPI_init)
    DL_SPI_setClockConfig                    0x00000691   Thumb Code    18  dl_spi.o(.text.DL_SPI_setClockConfig)
    DL_Timer_initFourCCPWMMode               0x000006a5   Thumb Code   264  dl_timer.o(.text.DL_Timer_initFourCCPWMMode)
    DL_Timer_initTimerMode                   0x000007ad   Thumb Code   240  dl_timer.o(.text.DL_Timer_initTimerMode)
    DL_Timer_setCaptCompUpdateMethod         0x0000089d   Thumb Code    28  dl_timer.o(.text.DL_Timer_setCaptCompUpdateMethod)
    DL_Timer_setCaptureCompareOutCtl         0x000008b9   Thumb Code    24  dl_timer.o(.text.DL_Timer_setCaptureCompareOutCtl)
    DL_Timer_setCaptureCompareValue          0x000008d1   Thumb Code    16  dl_timer.o(.text.DL_Timer_setCaptureCompareValue)
    DL_Timer_setClockConfig                  0x000008e1   Thumb Code    28  dl_timer.o(.text.DL_Timer_setClockConfig)
    DL_UART_init                             0x000008fd   Thumb Code    72  dl_uart.o(.text.DL_UART_init)
    DL_UART_setClockConfig                   0x00000945   Thumb Code    18  dl_uart.o(.text.DL_UART_setClockConfig)
    SYSCFG_DL_GPIO_init                      0x00000959   Thumb Code   112  ti_msp_dl_config.o(.text.SYSCFG_DL_GPIO_init)
    SYSCFG_DL_Motor_A_init                   0x000009e9   Thumb Code   108  ti_msp_dl_config.o(.text.SYSCFG_DL_Motor_A_init)
    SYSCFG_DL_Motor_B_init                   0x00000a65   Thumb Code   108  ti_msp_dl_config.o(.text.SYSCFG_DL_Motor_B_init)
    SYSCFG_DL_SPI_init                       0x00000ae1   Thumb Code    52  ti_msp_dl_config.o(.text.SYSCFG_DL_SPI_init)
    SYSCFG_DL_SYSCTL_init                    0x00000b29   Thumb Code    52  ti_msp_dl_config.o(.text.SYSCFG_DL_SYSCTL_init)
    SYSCFG_DL_TIMER_0_init                   0x00000b65   Thumb Code    36  ti_msp_dl_config.o(.text.SYSCFG_DL_TIMER_0_init)
    SYSCFG_DL_UART_0_init                    0x00000b9d   Thumb Code    88  ti_msp_dl_config.o(.text.SYSCFG_DL_UART_0_init)
    SYSCFG_DL_init                           0x00000c0d   Thumb Code    60  ti_msp_dl_config.o(.text.SYSCFG_DL_init)
    SYSCFG_DL_initPower                      0x00000c59   Thumb Code    60  ti_msp_dl_config.o(.text.SYSCFG_DL_initPower)
    TIMA0_IRQHandler                         0x00000cb9   Thumb Code    36  empty.o(.text.TIMA0_IRQHandler)
    TaskManager_Init                         0x00000ce5   Thumb Code    16  task.o(.text.TaskManager_Init)
    TaskManager_Update                       0x00000cf5   Thumb Code   240  task.o(.text.TaskManager_Update)
    UART0_IRQHandler                         0x00000e05   Thumb Code    48  empty.o(.text.UART0_IRQHandler)
    car_init                                 0x00000e41   Thumb Code    80  sensor_rebuild_02.o(.text.car_init)
    go_backward_a                            0x00000eb1   Thumb Code    56  motor.o(.text.go_backward_a)
    go_backward_b                            0x00000ee9   Thumb Code    56  motor.o(.text.go_backward_b)
    go_forward_a                             0x00000f21   Thumb Code    56  motor.o(.text.go_forward_a)
    go_forward_b                             0x00000f59   Thumb Code    56  motor.o(.text.go_forward_b)
    go_stop                                  0x00000f91   Thumb Code    52  motor.o(.text.go_stop)
    main                                     0x00000fcd   Thumb Code    44  empty.o(.text.main)
    read_key                                 0x00001005   Thumb Code    56  key.o(.text.read_key)
    sensor_pid                               0x0000103d   Thumb Code    40  sensor_rebuild_02.o(.text.sensor_pid)
    sensor_read                              0x00001069   Thumb Code   284  sensor_rebuild_02.o(.text.sensor_read)
    __aeabi_fcmpge                           0x000011a9   Thumb Code     0  fcmp.o(i._fgeq)
    _fgeq                                    0x000011a9   Thumb Code    22  fcmp.o(i._fgeq)
    __aeabi_fcmpgt                           0x000011bf   Thumb Code     0  fcmp.o(i._fgr)
    _fgr                                     0x000011bf   Thumb Code    22  fcmp.o(i._fgr)
    __aeabi_fadd                             0x000011d5   Thumb Code     0  faddsub.o(x$fpl$fadd)
    _fadd                                    0x000011d5   Thumb Code   134  faddsub.o(x$fpl$fadd)
    _fcmpge                                  0x00001261   Thumb Code    78  fgef.o(x$fpl$fgeqf)
    __aeabi_fmul                             0x000012b5   Thumb Code     0  fmul.o(x$fpl$fmul)
    _fmul                                    0x000012b5   Thumb Code   172  fmul.o(x$fpl$fmul)
    __aeabi_fsub                             0x00001365   Thumb Code     0  faddsub.o(x$fpl$fsub)
    _fsub                                    0x00001365   Thumb Code   204  faddsub.o(x$fpl$fsub)
    Car_FSM_Table                            0x00001434   Data          32  sensor_rebuild_02.o(.rodata.Car_FSM_Table)
    __I$use$fp                               0x00001434   Number         0  usenofp.o(x$fpl$usenofp)
    Region$$Table$$Base                      0x000014a0   Number         0  anon$$obj.o(Region$$Table)
    Region$$Table$$Limit                     0x000014b0   Number         0  anon$$obj.o(Region$$Table)
    __libspace_start                         0x20200000   Data          96  libspace.o(.bss)
    __temporary_stack_top$libspace           0x20200060   Data           0  libspace.o(.bss)
    gMotor_ABackup                           0x20200068   Data         160  ti_msp_dl_config.o(.bss.gMotor_ABackup)
    gMotor_BBackup                           0x20200108   Data         188  ti_msp_dl_config.o(.bss.gMotor_BBackup)
    gSPIBackup                               0x202001c4   Data          40  ti_msp_dl_config.o(.bss.gSPIBackup)
    gTIMER_0Backup                           0x202001ec   Data         188  ti_msp_dl_config.o(.bss.gTIMER_0Backup)
    g_car                                    0x202002a8   Data         104  sensor_rebuild_02.o(.bss.g_car)
    g_flag_need_update                       0x20200310   Data           1  empty.o(.bss.g_flag_need_update)
    g_isr_tick                               0x20200314   Data           4  empty.o(.bss.g_isr_tick)
    g_raw_key                                0x20200318   Data           1  empty.o(.bss.g_raw_key)
    g_task_manager                           0x2020031c   Data          20  task.o(.bss.g_task_manager)
    turn_completed_flag                      0x20200330   Data           1  sensor_rebuild_02.o(.bss.turn_completed_flag)
    uart_data                                0x20200331   Data           1  empty.o(.bss.uart_data)



==============================================================================

Memory Map of the image

  Image Entry point : 0x000000c1

  Load Region LR_IROM1 (Base: 0x00000000, Size: 0x000014b0, Max: 0x00020000, ABSOLUTE)

    Execution Region ER_IROM1 (Exec base: 0x00000000, Load base: 0x00000000, Size: 0x000014b0, Max: 0x00020000, ABSOLUTE)

    Exec Addr    Load Addr    Size         Type   Attr      Idx    E Section Name        Object

    0x00000000   0x00000000   0x000000c0   Data   RO           28    RESET               startup_mspm0g350x_uvision.o
    0x000000c0   0x000000c0   0x00000008   Code   RO          428  * !!!main             c_p.l(__main.o)
    0x000000c8   0x000000c8   0x00000054   Code   RO          803    !!!scatter          c_p.l(__scatter.o)
    0x0000011c   0x0000011c   0x00000004   PAD
    0x00000120   0x00000120   0x00000002   Code   RO          804    !!handler_null      c_p.l(__scatter.o)
    0x00000122   0x00000122   0x00000006   PAD
    0x00000128   0x00000128   0x0000001c   Code   RO          807    !!handler_zi        c_p.l(__scatter_zi.o)
    0x00000144   0x00000144   0x00000002   Code   RO          591    .ARM.Collect$$libinit$$00000000  c_p.l(libinit.o)
    0x00000146   0x00000146   0x00000000   Code   RO          593    .ARM.Collect$$libinit$$00000002  c_p.l(libinit2.o)
    0x00000146   0x00000146   0x00000000   Code   RO          595    .ARM.Collect$$libinit$$00000004  c_p.l(libinit2.o)
    0x00000146   0x00000146   0x00000000   Code   RO          597    .ARM.Collect$$libinit$$00000006  c_p.l(libinit2.o)
    0x00000146   0x00000146   0x00000000   Code   RO          600    .ARM.Collect$$libinit$$0000000C  c_p.l(libinit2.o)
    0x00000146   0x00000146   0x00000000   Code   RO          602    .ARM.Collect$$libinit$$0000000E  c_p.l(libinit2.o)
    0x00000146   0x00000146   0x00000000   Code   RO          604    .ARM.Collect$$libinit$$00000010  c_p.l(libinit2.o)
    0x00000146   0x00000146   0x00000000   Code   RO          607    .ARM.Collect$$libinit$$00000013  c_p.l(libinit2.o)
    0x00000146   0x00000146   0x00000000   Code   RO          609    .ARM.Collect$$libinit$$00000015  c_p.l(libinit2.o)
    0x00000146   0x00000146   0x00000000   Code   RO          611    .ARM.Collect$$libinit$$00000017  c_p.l(libinit2.o)
    0x00000146   0x00000146   0x00000000   Code   RO          613    .ARM.Collect$$libinit$$00000019  c_p.l(libinit2.o)
    0x00000146   0x00000146   0x00000000   Code   RO          615    .ARM.Collect$$libinit$$0000001B  c_p.l(libinit2.o)
    0x00000146   0x00000146   0x00000000   Code   RO          617    .ARM.Collect$$libinit$$0000001D  c_p.l(libinit2.o)
    0x00000146   0x00000146   0x00000000   Code   RO          619    .ARM.Collect$$libinit$$0000001F  c_p.l(libinit2.o)
    0x00000146   0x00000146   0x00000000   Code   RO          621    .ARM.Collect$$libinit$$00000021  c_p.l(libinit2.o)
    0x00000146   0x00000146   0x00000000   Code   RO          623    .ARM.Collect$$libinit$$00000023  c_p.l(libinit2.o)
    0x00000146   0x00000146   0x00000000   Code   RO          625    .ARM.Collect$$libinit$$00000025  c_p.l(libinit2.o)
    0x00000146   0x00000146   0x00000000   Code   RO          627    .ARM.Collect$$libinit$$00000027  c_p.l(libinit2.o)
    0x00000146   0x00000146   0x00000000   Code   RO          631    .ARM.Collect$$libinit$$0000002E  c_p.l(libinit2.o)
    0x00000146   0x00000146   0x00000000   Code   RO          633    .ARM.Collect$$libinit$$00000030  c_p.l(libinit2.o)
    0x00000146   0x00000146   0x00000000   Code   RO          635    .ARM.Collect$$libinit$$00000032  c_p.l(libinit2.o)
    0x00000146   0x00000146   0x00000000   Code   RO          637    .ARM.Collect$$libinit$$00000034  c_p.l(libinit2.o)
    0x00000146   0x00000146   0x00000002   Code   RO          638    .ARM.Collect$$libinit$$00000035  c_p.l(libinit2.o)
    0x00000148   0x00000148   0x00000002   Code   RO          784    .ARM.Collect$$libshutdown$$00000000  c_p.l(libshutdown.o)
    0x0000014a   0x0000014a   0x00000000   Code   RO          640    .ARM.Collect$$libshutdown$$00000002  c_p.l(libshutdown2.o)
    0x0000014a   0x0000014a   0x00000000   Code   RO          642    .ARM.Collect$$libshutdown$$00000004  c_p.l(libshutdown2.o)
    0x0000014a   0x0000014a   0x00000000   Code   RO          645    .ARM.Collect$$libshutdown$$00000007  c_p.l(libshutdown2.o)
    0x0000014a   0x0000014a   0x00000000   Code   RO          648    .ARM.Collect$$libshutdown$$0000000A  c_p.l(libshutdown2.o)
    0x0000014a   0x0000014a   0x00000000   Code   RO          650    .ARM.Collect$$libshutdown$$0000000C  c_p.l(libshutdown2.o)
    0x0000014a   0x0000014a   0x00000000   Code   RO          653    .ARM.Collect$$libshutdown$$0000000F  c_p.l(libshutdown2.o)
    0x0000014a   0x0000014a   0x00000002   Code   RO          654    .ARM.Collect$$libshutdown$$00000010  c_p.l(libshutdown2.o)
    0x0000014c   0x0000014c   0x00000000   Code   RO          460    .ARM.Collect$$rtentry$$00000000  c_p.l(__rtentry.o)
    0x0000014c   0x0000014c   0x00000000   Code   RO          479    .ARM.Collect$$rtentry$$00000002  c_p.l(__rtentry2.o)
    0x0000014c   0x0000014c   0x00000006   Code   RO          491    .ARM.Collect$$rtentry$$00000004  c_p.l(__rtentry4.o)
    0x00000152   0x00000152   0x00000000   Code   RO          481    .ARM.Collect$$rtentry$$00000009  c_p.l(__rtentry2.o)
    0x00000152   0x00000152   0x00000004   Code   RO          482    .ARM.Collect$$rtentry$$0000000A  c_p.l(__rtentry2.o)
    0x00000156   0x00000156   0x00000000   Code   RO          484    .ARM.Collect$$rtentry$$0000000C  c_p.l(__rtentry2.o)
    0x00000156   0x00000156   0x00000008   Code   RO          485    .ARM.Collect$$rtentry$$0000000D  c_p.l(__rtentry2.o)
    0x0000015e   0x0000015e   0x00000002   Code   RO          667    .ARM.Collect$$rtexit$$00000000  c_p.l(rtexit.o)
    0x00000160   0x00000160   0x00000000   Code   RO          724    .ARM.Collect$$rtexit$$00000002  c_p.l(rtexit2.o)
    0x00000160   0x00000160   0x00000004   Code   RO          725    .ARM.Collect$$rtexit$$00000003  c_p.l(rtexit2.o)
    0x00000164   0x00000164   0x00000006   Code   RO          726    .ARM.Collect$$rtexit$$00000004  c_p.l(rtexit2.o)
    0x0000016a   0x0000016a   0x00000002   PAD
    0x0000016c   0x0000016c   0x00000030   Code   RO           29    .text               startup_mspm0g350x_uvision.o
    0x0000019c   0x0000019c   0x00000040   Code   RO          416    .text               c_p.l(rt_memclr.o)
    0x000001dc   0x000001dc   0x00000006   Code   RO          426    .text               c_p.l(heapauxi.o)
    0x000001e2   0x000001e2   0x0000004c   Code   RO          456    .text               fz_ps.l(ffixi.o)
    0x0000022e   0x0000022e   0x00000002   PAD
    0x00000230   0x00000230   0x00000064   Code   RO          499    .text               fz_ps.l(fcmpin.o)
    0x00000294   0x00000294   0x0000003e   Code   RO          506    .text               c_p.l(sys_stackheap_outer.o)
    0x000002d2   0x000002d2   0x00000010   Code   RO          576    .text               c_p.l(exit.o)
    0x000002e2   0x000002e2   0x0000002e   Code   RO          655    .text               fz_ps.l(cmpret.o)
    0x00000310   0x00000310   0x00000010   Code   RO          657    .text               fz_ps.l(fnan2.o)
    0x00000320   0x00000320   0x00000008   Code   RO          663    .text               c_p.l(libspace.o)
    0x00000328   0x00000328   0x0000005e   Code   RO          714    .text               fz_ps.l(retnan.o)
    0x00000386   0x00000386   0x00000002   PAD
    0x00000388   0x00000388   0x0000000c   Code   RO          716    .text               c_p.l(sys_exit.o)
    0x00000394   0x00000394   0x00000002   Code   RO          720    .text               c_p.l(use_no_semi.o)
    0x00000396   0x00000396   0x00000000   Code   RO          722    .text               c_p.l(indicate_semi.o)
    0x00000396   0x00000396   0x00000002   PAD
    0x00000398   0x00000398   0x000001dc   Code   RO          108    .text.Action_Straight  sensor_rebuild_02.o
    0x00000574   0x00000574   0x00000034   Code   RO          110    .text.Action_TurnLeft_Brake  sensor_rebuild_02.o
    0x000005a8   0x000005a8   0x0000004c   Code   RO          112    .text.Action_TurnLeft_Spin  sensor_rebuild_02.o
    0x000005f4   0x000005f4   0x0000004c   Code   RO          114    .text.Action_TurnLeft_Stop  sensor_rebuild_02.o
    0x00000640   0x00000640   0x0000000a   Code   RO          213    .text.DL_Common_delayCycles  driverlib.a(dl_common.o)
    0x0000064a   0x0000064a   0x00000002   PAD
    0x0000064c   0x0000064c   0x00000044   Code   RO          222    .text.DL_SPI_init   driverlib.a(dl_spi.o)
    0x00000690   0x00000690   0x00000012   Code   RO          224    .text.DL_SPI_setClockConfig  driverlib.a(dl_spi.o)
    0x000006a2   0x000006a2   0x00000002   PAD
    0x000006a4   0x000006a4   0x00000108   Code   RO          352    .text.DL_Timer_initFourCCPWMMode  driverlib.a(dl_timer.o)
    0x000007ac   0x000007ac   0x000000f0   Code   RO          280    .text.DL_Timer_initTimerMode  driverlib.a(dl_timer.o)
    0x0000089c   0x0000089c   0x0000001c   Code   RO          322    .text.DL_Timer_setCaptCompUpdateMethod  driverlib.a(dl_timer.o)
    0x000008b8   0x000008b8   0x00000018   Code   RO          326    .text.DL_Timer_setCaptureCompareOutCtl  driverlib.a(dl_timer.o)
    0x000008d0   0x000008d0   0x00000010   Code   RO          282    .text.DL_Timer_setCaptureCompareValue  driverlib.a(dl_timer.o)
    0x000008e0   0x000008e0   0x0000001c   Code   RO          276    .text.DL_Timer_setClockConfig  driverlib.a(dl_timer.o)
    0x000008fc   0x000008fc   0x00000048   Code   RO          373    .text.DL_UART_init  driverlib.a(dl_uart.o)
    0x00000944   0x00000944   0x00000012   Code   RO          375    .text.DL_UART_setClockConfig  driverlib.a(dl_uart.o)
    0x00000956   0x00000956   0x00000002   PAD
    0x00000958   0x00000958   0x00000090   Code   RO           40    .text.SYSCFG_DL_GPIO_init  ti_msp_dl_config.o
    0x000009e8   0x000009e8   0x0000007c   Code   RO           44    .text.SYSCFG_DL_Motor_A_init  ti_msp_dl_config.o
    0x00000a64   0x00000a64   0x0000007c   Code   RO           46    .text.SYSCFG_DL_Motor_B_init  ti_msp_dl_config.o
    0x00000ae0   0x00000ae0   0x00000048   Code   RO           52    .text.SYSCFG_DL_SPI_init  ti_msp_dl_config.o
    0x00000b28   0x00000b28   0x0000003c   Code   RO           42    .text.SYSCFG_DL_SYSCTL_init  ti_msp_dl_config.o
    0x00000b64   0x00000b64   0x00000038   Code   RO           48    .text.SYSCFG_DL_TIMER_0_init  ti_msp_dl_config.o
    0x00000b9c   0x00000b9c   0x00000070   Code   RO           50    .text.SYSCFG_DL_UART_0_init  ti_msp_dl_config.o
    0x00000c0c   0x00000c0c   0x0000004c   Code   RO           36    .text.SYSCFG_DL_init  ti_msp_dl_config.o
    0x00000c58   0x00000c58   0x00000060   Code   RO           38    .text.SYSCFG_DL_initPower  ti_msp_dl_config.o
    0x00000cb8   0x00000cb8   0x0000002c   Code   RO            8    .text.TIMA0_IRQHandler  empty.o
    0x00000ce4   0x00000ce4   0x00000010   Code   RO          141    .text.TaskManager_Init  task.o
    0x00000cf4   0x00000cf4   0x00000110   Code   RO          155    .text.TaskManager_Update  task.o
    0x00000e04   0x00000e04   0x0000003c   Code   RO           10    .text.UART0_IRQHandler  empty.o
    0x00000e40   0x00000e40   0x00000070   Code   RO          120    .text.car_init      sensor_rebuild_02.o
    0x00000eb0   0x00000eb0   0x00000038   Code   RO           92    .text.go_backward_a  motor.o
    0x00000ee8   0x00000ee8   0x00000038   Code   RO           96    .text.go_backward_b  motor.o
    0x00000f20   0x00000f20   0x00000038   Code   RO           90    .text.go_forward_a  motor.o
    0x00000f58   0x00000f58   0x00000038   Code   RO           94    .text.go_forward_b  motor.o
    0x00000f90   0x00000f90   0x0000003c   Code   RO           98    .text.go_stop       motor.o
    0x00000fcc   0x00000fcc   0x00000038   Code   RO            2    .text.main          empty.o
    0x00001004   0x00001004   0x00000038   Code   RO          133    .text.read_key      key.o
    0x0000103c   0x0000103c   0x0000002c   Code   RO          116    .text.sensor_pid    sensor_rebuild_02.o
    0x00001068   0x00001068   0x00000140   Code   RO          118    .text.sensor_read   sensor_rebuild_02.o
    0x000011a8   0x000011a8   0x00000016   Code   RO          445    i._fgeq             fz_ps.l(fcmp.o)
    0x000011be   0x000011be   0x00000016   Code   RO          446    i._fgr              fz_ps.l(fcmp.o)
    0x000011d4   0x000011d4   0x0000008c   Code   RO          438    x$fpl$fadd          fz_ps.l(faddsub.o)
    0x00001260   0x00001260   0x00000054   Code   RO          473    x$fpl$fgeqf         fz_ps.l(fgef.o)
    0x000012b4   0x000012b4   0x000000b0   Code   RO          458    x$fpl$fmul          fz_ps.l(fmul.o)
    0x00001364   0x00001364   0x000000d0   Code   RO          440    x$fpl$fsub          fz_ps.l(faddsub.o)
    0x00001434   0x00001434   0x00000000   Code   RO          477    x$fpl$usenofp       fz_ps.l(usenofp.o)
    0x00001434   0x00001434   0x00000020   Data   RO          123    .rodata.Car_FSM_Table  sensor_rebuild_02.o
    0x00001454   0x00001454   0x00000003   Data   RO           62    .rodata.gMotor_AClockConfig  ti_msp_dl_config.o
    0x00001457   0x00001457   0x00000001   PAD
    0x00001458   0x00001458   0x00000008   Data   RO           63    .rodata.gMotor_AConfig  ti_msp_dl_config.o
    0x00001460   0x00001460   0x00000003   Data   RO           64    .rodata.gMotor_BClockConfig  ti_msp_dl_config.o
    0x00001463   0x00001463   0x00000001   PAD
    0x00001464   0x00001464   0x00000008   Data   RO           65    .rodata.gMotor_BConfig  ti_msp_dl_config.o
    0x0000146c   0x0000146c   0x00000002   Data   RO           70    .rodata.gSPI_clockConfig  ti_msp_dl_config.o
    0x0000146e   0x0000146e   0x0000000a   Data   RO           71    .rodata.gSPI_config  ti_msp_dl_config.o
    0x00001478   0x00001478   0x00000003   Data   RO           66    .rodata.gTIMER_0ClockConfig  ti_msp_dl_config.o
    0x0000147b   0x0000147b   0x00000001   PAD
    0x0000147c   0x0000147c   0x00000014   Data   RO           67    .rodata.gTIMER_0TimerConfig  ti_msp_dl_config.o
    0x00001490   0x00001490   0x00000002   Data   RO           68    .rodata.gUART_0ClockConfig  ti_msp_dl_config.o
    0x00001492   0x00001492   0x0000000a   Data   RO           69    .rodata.gUART_0Config  ti_msp_dl_config.o
    0x0000149c   0x0000149c   0x00000004   PAD
    0x000014a0   0x000014a0   0x00000010   Data   RO          802    Region$$Table       anon$$obj.o


    Execution Region RW_IRAM2 (Exec base: 0x20200000, Load base: 0x000014b0, Size: 0x00000538, Max: 0x00008000, ABSOLUTE)

    Exec Addr    Load Addr    Size         Type   Attr      Idx    E Section Name        Object

    0x20200000        -       0x00000060   Zero   RW          664    .bss                c_p.l(libspace.o)
    0x20200060        -       0x00000004   Zero   RW          160    .bss.TaskManager_DisplayStatus.blink_counter  task.o
    0x20200064        -       0x00000001   Zero   RW          159    .bss.TaskManager_KeyDebounce.debounce_cnt  task.o
    0x20200065        -       0x00000001   Zero   RW          158    .bss.TaskManager_KeyDebounce.last_key  task.o
    0x20200066   0x000014b0   0x00000002   PAD
    0x20200068        -       0x000000a0   Zero   RW           58    .bss.gMotor_ABackup  ti_msp_dl_config.o
    0x20200108        -       0x000000bc   Zero   RW           59    .bss.gMotor_BBackup  ti_msp_dl_config.o
    0x202001c4        -       0x00000028   Zero   RW           61    .bss.gSPIBackup     ti_msp_dl_config.o
    0x202001ec        -       0x000000bc   Zero   RW           60    .bss.gTIMER_0Backup  ti_msp_dl_config.o
    0x202002a8        -       0x00000068   Zero   RW          124    .bss.g_car          sensor_rebuild_02.o
    0x20200310        -       0x00000001   Zero   RW           15    .bss.g_flag_need_update  empty.o
    0x20200311   0x000014b0   0x00000003   PAD
    0x20200314        -       0x00000004   Zero   RW           17    .bss.g_isr_tick     empty.o
    0x20200318        -       0x00000001   Zero   RW           16    .bss.g_raw_key      empty.o
    0x20200319   0x000014b0   0x00000003   PAD
    0x2020031c        -       0x00000014   Zero   RW          157    .bss.g_task_manager  task.o
    0x20200330        -       0x00000001   Zero   RW          122    .bss.turn_completed_flag  sensor_rebuild_02.o
    0x20200331        -       0x00000001   Zero   RW           14    .bss.uart_data      empty.o
    0x20200332   0x000014b0   0x00000006   PAD
    0x20200338        -       0x00000100   Zero   RW           27    HEAP                startup_mspm0g350x_uvision.o
    0x20200438        -       0x00000100   Zero   RW           26    STACK               startup_mspm0g350x_uvision.o



  Load Region LR_BCR (Base: 0x41c00000, Size: 0x00000000, Max: 0x00000100, ABSOLUTE)

    Execution Region BCR_CONFIG (Exec base: 0x41c00000, Load base: 0x41c00000, Size: 0x00000000, Max: 0x00000080, ABSOLUTE)

    **** No section assigned to this execution region ****



  Load Region LR_BSL (Base: 0x41c00100, Size: 0x00000000, Max: 0x00000100, ABSOLUTE)

    Execution Region BSL_CONFIG (Exec base: 0x41c00100, Load base: 0x41c00100, Size: 0x00000000, Max: 0x00000080, ABSOLUTE)

    **** No section assigned to this execution region ****


==============================================================================

Image component sizes


      Code (inc. data)   RO Data    RW Data    ZI Data      Debug   Object Name

       160         32          0          0          7       9476   empty.o
        56          0          0          0          0       3658   key.o
       284          8          0          0          0       5739   motor.o
      1156        110         32          0        105       7750   sensor_rebuild_02.o
        48         22        192          0        512        700   startup_mspm0g350x_uvision.o
       288         32          0          0         26       6210   task.o
       864        188         69          0        576      33037   ti_msp_dl_config.o

    ----------------------------------------------------------------------
      2856        392        316          0       1240      66570   Object Totals
         0          0         16          0          0          0   (incl. Generated)
         0          0          7          0         14          0   (incl. Padding)

    ----------------------------------------------------------------------

      Code (inc. data)   RO Data    RW Data    ZI Data      Debug   Library Member Name

         8          0          0          0          0         68   __main.o
         0          0          0          0          0          0   __rtentry.o
        12          0          0          0          0          0   __rtentry2.o
         6          0          0          0          0          0   __rtentry4.o
        86         10          0          0          0          0   __scatter.o
        28          0          0          0          0          0   __scatter_zi.o
        16          0          0          0          0         68   exit.o
         6          0          0          0          0        136   heapauxi.o
         0          0          0          0          0          0   indicate_semi.o
         2          0          0          0          0          0   libinit.o
         2          0          0          0          0          0   libinit2.o
         2          0          0          0          0          0   libshutdown.o
         2          0          0          0          0          0   libshutdown2.o
         8          4          0          0         96         68   libspace.o
        64          0          0          0          0        108   rt_memclr.o
         2          0          0          0          0          0   rtexit.o
        10          0          0          0          0          0   rtexit2.o
        12          4          0          0          0         60   sys_exit.o
        62          0          0          0          0         80   sys_stackheap_outer.o
         2          0          0          0          0         68   use_no_semi.o
        10          0          0          0          0        803   dl_common.o
        86          8          0          0          0      13463   dl_spi.o
       600        192          0          0          0      39888   dl_timer.o
        90          8          0          0          0      14128   dl_uart.o
        46          0          0          0          0         60   cmpret.o
       348          8          0          0          0        160   faddsub.o
        44          0          0          0          0        136   fcmp.o
       100          4          0          0          0         68   fcmpin.o
        76          0          0          0          0         68   ffixi.o
        84          4          0          0          0         76   fgef.o
       176          4          0          0          0         80   fmul.o
        16          6          0          0          0         68   fnan2.o
        94          0          0          0          0         68   retnan.o
         0          0          0          0          0          0   usenofp.o

    ----------------------------------------------------------------------
      2124        256          0          0         96      69722   Library Totals
        24          4          0          0          0          0   (incl. Padding)

    ----------------------------------------------------------------------

      Code (inc. data)   RO Data    RW Data    ZI Data      Debug   Library Name

       330         18          0          0         96        656   c_p.l
       786        208          0          0          0      68282   driverlib.a
       984         26          0          0          0        784   fz_ps.l

    ----------------------------------------------------------------------
      2124        256          0          0         96      69722   Library Totals

    ----------------------------------------------------------------------

==============================================================================


      Code (inc. data)   RO Data    RW Data    ZI Data      Debug   

      4980        648        316          0       1336     135460   Grand Totals
      4980        648        316          0       1336     135460   ELF Image Totals
      4980        648        316          0          0          0   ROM Totals

==============================================================================

    Total RO  Size (Code + RO Data)                 5296 (   5.17kB)
    Total RW  Size (RW Data + ZI Data)              1336 (   1.30kB)
    Total ROM Size (Code + RO Data + RW Data)       5296 (   5.17kB)

==============================================================================

