<html>
<body>
<pre>
<h1>µVision Build Log</h1>
<h2>Tool Versions:</h2>
IDE-Version: ¦ÌVision V5.39.0.0
Copyright (C) 2023 ARM Ltd and ARM Germany GmbH. All rights reserved.
License Information: 11 itpro2010@outlook.com, 1, LIC=EPPLD-8A4B5-F1JPT-RHN7Y-EFB8W-G7I2G
 
Tool Versions:
Toolchain:       MDK-ARM Professional  Version: 5.39.0.0
Toolchain Path:  C:\Keil_v5\ARM\ARMCLANG\Bin
C Compiler:      ArmClang.exe V6.21
Assembler:       Armasm.exe V6.21
Linker/Locator:  ArmLink.exe V6.21
Library Manager: ArmAr.exe V6.21
Hex Converter:   FromElf.exe V6.21
CPU DLL:         SARMCM3.DLL V5.39.0.0
Dialog DLL:      DARMCM1.DLL V1.19.6.0
Target DLL:      CMSIS_AGDI.dll V1.33.16.0
Dialog DLL:      TARMCM1.DLL V1.14.6.0
 
<h2>Project:</h2>
C:\ti\M0_SDK\mspm0_sdk_2_02_00_05\empty_motor_rebuild_divide_test\keil\empty_LP_MSPM0G3507_nortos_keil.uvprojx
Project File Date:  03/31/2026

<h2>Output:</h2>
*** Using Compiler 'V6.21', folder: 'C:\Keil_v5\ARM\ARMCLANG\Bin'
Rebuild target 'empty_LP_MSPM0G3507_nortos_keil'
Before Build - User command #1: cmd.exe /C "C:\ti\M0_SDK\mspm0_sdk_2_02_00_05\empty_motor_rebuild_divide_test\keil\../../tools/keil/syscfg.bat 'C:\ti\M0_SDK\mspm0_sdk_2_02_00_05\empty_motor_rebuild_divide_test\keil\' empty.syscfg"
Using Sysconfig Tool from "C:\ti\sysconfig_1.21.1\sysconfig_cli.bat"
"Update the file located at <sdk path>/tools/keil/syscfg.bat to use a different version"
Running script...
Validating...
info: Motor_A(/ti/driverlib/PWM): Peripheral does not retain register contents in STOP or STANDBY modes. User should take care to save and restore register configuration in application. See Retention Configuration section for more details.
info: Motor_B(/ti/driverlib/PWM): Peripheral does not retain register contents in STOP or STANDBY modes. User should take care to save and restore register configuration in application. See Retention Configuration section for more details.
info: SPI(/ti/driverlib/SPI): Peripheral does not retain register contents in STOP or STANDBY modes. User should take care to save and restore register configuration in application. See Retention Configuration section for more details.
info: TIMER_0(/ti/driverlib/TIMER): Peripheral does not retain register contents in STOP or STANDBY modes. User should take care to save and restore register configuration in application. See Retention Configuration section for more details.
Generating Code (empty.syscfg)...
Unchanged C:\ti\M0_SDK\mspm0_sdk_2_02_00_05\empty_motor_rebuild_divide_test\ti_msp_dl_config.c...
Unchanged C:\ti\M0_SDK\mspm0_sdk_2_02_00_05\empty_motor_rebuild_divide_test\ti_msp_dl_config.h...
Unchanged C:\ti\M0_SDK\mspm0_sdk_2_02_00_05\empty_motor_rebuild_divide_test\Event.dot...
assembling startup_mspm0g350x_uvision.s...
compiling empty.c...
compiling task.c...
compiling ti_msp_dl_config.c...
compiling motor.c...
compiling sensor_rebuild_02.c...
compiling key.c...
compiling IIC.c...
compiling SPI.c...
linking...
Program Size: Code=4980 RO-data=316 RW-data=0 ZI-data=1336  
FromELF: creating hex file...
".\Objects\empty_LP_MSPM0G3507_nortos_keil.axf" - 0 Error(s), 0 Warning(s).

<h2>Software Packages used:</h2>

Package Vendor: TexasInstruments
                https://software-dl.ti.com/msp430/esd/MSPM0-CMSIS/MSPM0G1X0X_G3X0X/latest/exports/TexasInstruments.MSPM0G1X0X_G3X0X_DFP.1.3.1.pack
                TexasInstruments::MSPM0G1X0X_G3X0X_DFP@1.3.1
                Device Family Pack for Texas Instruments MSPM0G1X0X_G3X0X Series

<h2>Collection of Component include folders:</h2>

<h2>Collection of Component Files used:</h2>
Build Time Elapsed:  00:00:02
</pre>
</body>
</html>
